Archive member included to satisfy reference by file (symbol)

D:/dev/STM32CubeIDE_1.13.2/STM32CubeIDE/plugins/com.st.stm32cube.ide.mcu.externaltools.gnu-tools-for-stm32.11.3.rel1.win32_1.1.100.202309141235/tools/bin/../lib/gcc/arm-none-eabi/11.3.1/../../../../arm-none-eabi/lib/thumb/v7e-m+fp/hard\libc_nano.a(libc_a-exit.o)
                              D:/dev/STM32CubeIDE_1.13.2/STM32CubeIDE/plugins/com.st.stm32cube.ide.mcu.externaltools.gnu-tools-for-stm32.11.3.rel1.win32_1.1.100.202309141235/tools/bin/../lib/gcc/arm-none-eabi/11.3.1/../../../../arm-none-eabi/lib/thumb/v7e-m+fp/hard/crt0.o (exit)
D:/dev/STM32CubeIDE_1.13.2/STM32CubeIDE/plugins/com.st.stm32cube.ide.mcu.externaltools.gnu-tools-for-stm32.11.3.rel1.win32_1.1.100.202309141235/tools/bin/../lib/gcc/arm-none-eabi/11.3.1/../../../../arm-none-eabi/lib/thumb/v7e-m+fp/hard\libc_nano.a(libc_a-findfp.o)
                              D:/dev/STM32CubeIDE_1.13.2/STM32CubeIDE/plugins/com.st.stm32cube.ide.mcu.externaltools.gnu-tools-for-stm32.11.3.rel1.win32_1.1.100.202309141235/tools/bin/../lib/gcc/arm-none-eabi/11.3.1/../../../../arm-none-eabi/lib/thumb/v7e-m+fp/hard\libc_nano.a(libc_a-exit.o) (__stdio_exit_handler)
D:/dev/STM32CubeIDE_1.13.2/STM32CubeIDE/plugins/com.st.stm32cube.ide.mcu.externaltools.gnu-tools-for-stm32.11.3.rel1.win32_1.1.100.202309141235/tools/bin/../lib/gcc/arm-none-eabi/11.3.1/../../../../arm-none-eabi/lib/thumb/v7e-m+fp/hard\libc_nano.a(libc_a-fwalk.o)
                              D:/dev/STM32CubeIDE_1.13.2/STM32CubeIDE/plugins/com.st.stm32cube.ide.mcu.externaltools.gnu-tools-for-stm32.11.3.rel1.win32_1.1.100.202309141235/tools/bin/../lib/gcc/arm-none-eabi/11.3.1/../../../../arm-none-eabi/lib/thumb/v7e-m+fp/hard\libc_nano.a(libc_a-findfp.o) (_fwalk_sglue)
D:/dev/STM32CubeIDE_1.13.2/STM32CubeIDE/plugins/com.st.stm32cube.ide.mcu.externaltools.gnu-tools-for-stm32.11.3.rel1.win32_1.1.100.202309141235/tools/bin/../lib/gcc/arm-none-eabi/11.3.1/../../../../arm-none-eabi/lib/thumb/v7e-m+fp/hard\libc_nano.a(libc_a-printf.o)
                              ./Application/User/main.o (printf)
D:/dev/STM32CubeIDE_1.13.2/STM32CubeIDE/plugins/com.st.stm32cube.ide.mcu.externaltools.gnu-tools-for-stm32.11.3.rel1.win32_1.1.100.202309141235/tools/bin/../lib/gcc/arm-none-eabi/11.3.1/../../../../arm-none-eabi/lib/thumb/v7e-m+fp/hard\libc_nano.a(libc_a-puts.o)
                              ./Application/User/main.o (puts)
D:/dev/STM32CubeIDE_1.13.2/STM32CubeIDE/plugins/com.st.stm32cube.ide.mcu.externaltools.gnu-tools-for-stm32.11.3.rel1.win32_1.1.100.202309141235/tools/bin/../lib/gcc/arm-none-eabi/11.3.1/../../../../arm-none-eabi/lib/thumb/v7e-m+fp/hard\libc_nano.a(libc_a-stdio.o)
                              D:/dev/STM32CubeIDE_1.13.2/STM32CubeIDE/plugins/com.st.stm32cube.ide.mcu.externaltools.gnu-tools-for-stm32.11.3.rel1.win32_1.1.100.202309141235/tools/bin/../lib/gcc/arm-none-eabi/11.3.1/../../../../arm-none-eabi/lib/thumb/v7e-m+fp/hard\libc_nano.a(libc_a-findfp.o) (__sread)
D:/dev/STM32CubeIDE_1.13.2/STM32CubeIDE/plugins/com.st.stm32cube.ide.mcu.externaltools.gnu-tools-for-stm32.11.3.rel1.win32_1.1.100.202309141235/tools/bin/../lib/gcc/arm-none-eabi/11.3.1/../../../../arm-none-eabi/lib/thumb/v7e-m+fp/hard\libc_nano.a(libc_a-wbuf.o)
                              D:/dev/STM32CubeIDE_1.13.2/STM32CubeIDE/plugins/com.st.stm32cube.ide.mcu.externaltools.gnu-tools-for-stm32.11.3.rel1.win32_1.1.100.202309141235/tools/bin/../lib/gcc/arm-none-eabi/11.3.1/../../../../arm-none-eabi/lib/thumb/v7e-m+fp/hard\libc_nano.a(libc_a-puts.o) (__swbuf_r)
D:/dev/STM32CubeIDE_1.13.2/STM32CubeIDE/plugins/com.st.stm32cube.ide.mcu.externaltools.gnu-tools-for-stm32.11.3.rel1.win32_1.1.100.202309141235/tools/bin/../lib/gcc/arm-none-eabi/11.3.1/../../../../arm-none-eabi/lib/thumb/v7e-m+fp/hard\libc_nano.a(libc_a-wsetup.o)
                              D:/dev/STM32CubeIDE_1.13.2/STM32CubeIDE/plugins/com.st.stm32cube.ide.mcu.externaltools.gnu-tools-for-stm32.11.3.rel1.win32_1.1.100.202309141235/tools/bin/../lib/gcc/arm-none-eabi/11.3.1/../../../../arm-none-eabi/lib/thumb/v7e-m+fp/hard\libc_nano.a(libc_a-puts.o) (__swsetup_r)
D:/dev/STM32CubeIDE_1.13.2/STM32CubeIDE/plugins/com.st.stm32cube.ide.mcu.externaltools.gnu-tools-for-stm32.11.3.rel1.win32_1.1.100.202309141235/tools/bin/../lib/gcc/arm-none-eabi/11.3.1/../../../../arm-none-eabi/lib/thumb/v7e-m+fp/hard\libc_nano.a(libc_a-memset.o)
                              D:/dev/STM32CubeIDE_1.13.2/STM32CubeIDE/plugins/com.st.stm32cube.ide.mcu.externaltools.gnu-tools-for-stm32.11.3.rel1.win32_1.1.100.202309141235/tools/bin/../lib/gcc/arm-none-eabi/11.3.1/../../../../arm-none-eabi/lib/thumb/v7e-m+fp/hard/crt0.o (memset)
D:/dev/STM32CubeIDE_1.13.2/STM32CubeIDE/plugins/com.st.stm32cube.ide.mcu.externaltools.gnu-tools-for-stm32.11.3.rel1.win32_1.1.100.202309141235/tools/bin/../lib/gcc/arm-none-eabi/11.3.1/../../../../arm-none-eabi/lib/thumb/v7e-m+fp/hard\libc_nano.a(libc_a-closer.o)
[...]
Memory Configuration

Name             Origin             Length             Attributes
RAM              0x0000000020000000 0x0000000000008000 xrw
FLASH            0x0000000008000000 0x0000000000020000 xr
*default*        0x0000000000000000 0xffffffffffffffff

Linker script and memory map

LOAD D:/dev/STM32CubeIDE_1.13.2/STM32CubeIDE/plugins/com.st.stm32cube.ide.mcu.externaltools.gnu-tools-for-stm32.11.3.rel1.win32_1.1.100.202309141235/tools/bin/../lib/gcc/arm-none-eabi/11.3.1/thumb/v7e-m+fp/hard/crti.o
LOAD D:/dev/STM32CubeIDE_1.13.2/STM32CubeIDE/plugins/com.st.stm32cube.ide.mcu.externaltools.gnu-tools-for-stm32.11.3.rel1.win32_1.1.100.202309141235/tools/bin/../lib/gcc/arm-none-eabi/11.3.1/thumb/v7e-m+fp/hard/crtbegin.o
LOAD D:/dev/STM32CubeIDE_1.13.2/STM32CubeIDE/plugins/com.st.stm32cube.ide.mcu.externaltools.gnu-tools-for-stm32.11.3.rel1.win32_1.1.100.202309141235/tools/bin/../lib/gcc/arm-none-eabi/11.3.1/../../../../arm-none-eabi/lib/thumb/v7e-m+fp/hard/crt0.o
LOAD ./Application/Startup/startup_stm32g431rbtx.o
LOAD ./Application/User/main.o
LOAD ./Application/User/stm32g4xx_hal_msp.o
LOAD ./Application/User/stm32g4xx_it.o
LOAD ./Application/User/syscalls.o
LOAD ./Application/User/sysmem.o
LOAD ./Drivers/BSP/STM32G4xx_Nucleo/stm32g4xx_nucleo.o
LOAD ./Drivers/CMSIS/system_stm32g4xx.o
LOAD ./Drivers/STM32G4xx_HAL_Driver/stm32g4xx_hal.o
LOAD ./Drivers/STM32G4xx_HAL_Driver/stm32g4xx_hal_cortex.o
LOAD ./Drivers/STM32G4xx_HAL_Driver/stm32g4xx_hal_dma.o
LOAD ./Drivers/STM32G4xx_HAL_Driver/stm32g4xx_hal_dma_ex.o
LOAD ./Drivers/STM32G4xx_HAL_Driver/stm32g4xx_hal_exti.o
LOAD ./Drivers/STM32G4xx_HAL_Driver/stm32g4xx_hal_flash.o
LOAD ./Drivers/STM32G4xx_HAL_Driver/stm32g4xx_hal_flash_ex.o
LOAD ./Drivers/STM32G4xx_HAL_Driver/stm32g4xx_hal_flash_ramfunc.o
LOAD ./Drivers/STM32G4xx_HAL_Driver/stm32g4xx_hal_gpio.o
LOAD ./Drivers/STM32G4xx_HAL_Driver/stm32g4xx_hal_pwr.o
LOAD ./Drivers/STM32G4xx_HAL_Driver/stm32g4xx_hal_pwr_ex.o
LOAD ./Drivers/STM32G4xx_HAL_Driver/stm32g4xx_hal_rcc.o
LOAD ./Drivers/STM32G4xx_HAL_Driver/stm32g4xx_hal_rcc_ex.o
LOAD ./Drivers/STM32G4xx_HAL_Driver/stm32g4xx_hal_tim.o
LOAD ./Drivers/STM32G4xx_HAL_Driver/stm32g4xx_hal_tim_ex.o
LOAD ./Drivers/STM32G4xx_HAL_Driver/stm32g4xx_hal_uart.o
LOAD ./Drivers/STM32G4xx_HAL_Driver/stm32g4xx_hal_uart_ex.o
START GROUP
LOAD D:/dev/STM32CubeIDE_1.13.2/STM32CubeIDE/plugins/com.st.stm32cube.ide.mcu.externaltools.gnu-tools-for-stm32.11.3.rel1.win32_1.1.100.202309141235/tools/bin/../lib/gcc/arm-none-eabi/11.3.1/../../../../arm-none-eabi/lib/thumb/v7e-m+fp/hard\libc_nano.a
LOAD D:/dev/STM32CubeIDE_1.13.2/STM32CubeIDE/plugins/com.st.stm32cube.ide.mcu.externaltools.gnu-tools-for-stm32.11.3.rel1.win32_1.1.100.202309141235/tools/bin/../lib/gcc/arm-none-eabi/11.3.1/../../../../arm-none-eabi/lib/thumb/v7e-m+fp/hard\libm.a
END GROUP
START GROUP
LOAD D:/dev/STM32CubeIDE_1.13.2/STM32CubeIDE/plugins/com.st.stm32cube.ide.mcu.externaltools.gnu-tools-for-stm32.11.3.rel1.win32_1.1.100.202309141235/tools/bin/../lib/gcc/arm-none-eabi/11.3.1/thumb/v7e-m+fp/hard\libgcc.a
LOAD D:/dev/STM32CubeIDE_1.13.2/STM32CubeIDE/plugins/com.st.stm32cube.ide.mcu.externaltools.gnu-tools-for-stm32.11.3.rel1.win32_1.1.100.202309141235/tools/bin/../lib/gcc/arm-none-eabi/11.3.1/../../../../arm-none-eabi/lib/thumb/v7e-m+fp/hard\libc_nano.a
END GROUP
START GROUP
LOAD D:/dev/STM32CubeIDE_1.13.2/STM32CubeIDE/plugins/com.st.stm32cube.ide.mcu.externaltools.gnu-tools-for-stm32.11.3.rel1.win32_1.1.100.202309141235/tools/bin/../lib/gcc/arm-none-eabi/11.3.1/thumb/v7e-m+fp/hard\libgcc.a
LOAD D:/dev/STM32CubeIDE_1.13.2/STM32CubeIDE/plugins/com.st.stm32cube.ide.mcu.externaltools.gnu-tools-for-stm32.11.3.rel1.win32_1.1.100.202309141235/tools/bin/../lib/gcc/arm-none-eabi/11.3.1/../../../../arm-none-eabi/lib/thumb/v7e-m+fp/hard\libc_nano.a
LOAD D:/dev/STM32CubeIDE_1.13.2/STM32CubeIDE/plugins/com.st.stm32cube.ide.mcu.externaltools.gnu-tools-for-stm32.11.3.rel1.win32_1.1.100.202309141235/tools/bin/../lib/gcc/arm-none-eabi/11.3.1/../../../../arm-none-eabi/lib/thumb/v7e-m+fp/hard\libnosys.a
END GROUP
START GROUP
LOAD D:/dev/STM32CubeIDE_1.13.2/STM32CubeIDE/plugins/com.st.stm32cube.ide.mcu.externaltools.gnu-tools-for-stm32.11.3.rel1.win32_1.1.100.202309141235/tools/bin/../lib/gcc/arm-none-eabi/11.3.1/thumb/v7e-m+fp/hard\libgcc.a
LOAD D:/dev/STM32CubeIDE_1.13.2/STM32CubeIDE/plugins/com.st.stm32cube.ide.mcu.externaltools.gnu-tools-for-stm32.11.3.rel1.win32_1.1.100.202309141235/tools/bin/../lib/gcc/arm-none-eabi/11.3.1/../../../../arm-none-eabi/lib/thumb/v7e-m+fp/hard\libc_nano.a
LOAD D:/dev/STM32CubeIDE_1.13.2/STM32CubeIDE/plugins/com.st.stm32cube.ide.mcu.externaltools.gnu-tools-for-stm32.11.3.rel1.win32_1.1.100.202309141235/tools/bin/../lib/gcc/arm-none-eabi/11.3.1/../../../../arm-none-eabi/lib/thumb/v7e-m+fp/hard\libnosys.a
END GROUP
LOAD D:/dev/STM32CubeIDE_1.13.2/STM32CubeIDE/plugins/com.st.stm32cube.ide.mcu.externaltools.gnu-tools-for-stm32.11.3.rel1.win32_1.1.100.202309141235/tools/bin/../lib/gcc/arm-none-eabi/11.3.1/thumb/v7e-m+fp/hard/crtend.o
LOAD D:/dev/STM32CubeIDE_1.13.2/STM32CubeIDE/plugins/com.st.stm32cube.ide.mcu.externaltools.gnu-tools-for-stm32.11.3.rel1.win32_1.1.100.202309141235/tools/bin/../lib/gcc/arm-none-eabi/11.3.1/thumb/v7e-m+fp/hard/crtn.o
                0x0000000020008000                _estack = (ORIGIN (RAM) + LENGTH (RAM))
                0x0000000000000200                _Min_Heap_Size = 0x200
                0x0000000000000400                _Min_Stack_Size = 0x400

.isr_vector     0x0000000008000000      0x1d8
                0x0000000008000000                . = ALIGN (0x4)
 *(.isr_vector)
 .isr_vector    0x0000000008000000      0x1d8 ./Application/Startup/startup_stm32g431rbtx.o
                0x0000000008000000                g_pfnVectors
                0x00000000080001d8                . = ALIGN (0x4)

.text           0x00000000080001e0     0x449c
                0x00000000080001e0                . = ALIGN (0x4)
 *(.text)
 .text          0x00000000080001e0       0x40 D:/dev/STM32CubeIDE_1.13.2/STM32CubeIDE/plugins/com.st.stm32cube.ide.mcu.externaltools.gnu-tools-for-stm32.11.3.rel1.win32_1.1.100.202309141235/tools/bin/../lib/gcc/arm-none-eabi/11.3.1/thumb/v7e-m+fp/hard/crtbegin.o
 .text          0x0000000008000220       0xa0 D:/dev/STM32CubeIDE_1.13.2/STM32CubeIDE/plugins/com.st.stm32cube.ide.mcu.externaltools.gnu-tools-for-stm32.11.3.rel1.win32_1.1.100.202309141235/tools/bin/../lib/gcc/arm-none-eabi/11.3.1/../../../../arm-none-eabi/lib/thumb/v7e-m+fp/hard\libc_nano.a(libc_a-memchr.o)
                0x0000000008000220                memchr
 *(.text*)
 .text.Reset_Handler
                0x00000000080002c0       0x50 ./Application/Startup/startup_stm32g431rbtx.o
                0x00000000080002c0                Reset_Handler
 .text.Default_Handler
                0x0000000008000310        0x2 ./Application/Startup/startup_stm32g431rbtx.o
                0x0000000008000310                RTC_Alarm_IRQHandler
                0x0000000008000310                EXTI2_IRQHandler
                0x0000000008000310                TIM8_TRG_COM_IRQHandler
                0x0000000008000310                TIM8_CC_IRQHandler
                0x0000000008000310                DebugMon_Handler
                0x0000000008000310                TIM1_CC_IRQHandler
                0x0000000008000310                USB_HP_IRQHandler
                0x0000000008000310                CORDIC_IRQHandler
                0x0000000008000310                EXTI3_IRQHandler
                0x0000000008000310                I2C3_ER_IRQHandler
                0x0000000008000310                EXTI0_IRQHandler
                0x0000000008000310                I2C2_EV_IRQHandler
                0x0000000008000310                FPU_IRQHandler
                0x0000000008000310                FDCAN1_IT1_IRQHandler
                0x0000000008000310                TIM1_UP_TIM16_IRQHandler
                0x0000000008000310                UsageFault_Handler
                0x0000000008000310                ADC1_2_IRQHandler
                0x0000000008000310                SPI1_IRQHandler
                0x0000000008000310                TIM6_DAC_IRQHandler
                0x0000000008000310                TIM8_UP_IRQHandler
                0x0000000008000310                DMA2_Channel2_IRQHandler
                0x0000000008000310                DMA1_Channel4_IRQHandler
                0x0000000008000310                USART3_IRQHandler
                0x0000000008000310                TIM4_IRQHandler
                0x0000000008000310                DMA2_Channel1_IRQHandler
                0x0000000008000310                I2C1_EV_IRQHandler
                0x0000000008000310                DMA1_Channel6_IRQHandler
                0x0000000008000310                UART4_IRQHandler
                0x0000000008000310                DMA2_Channel4_IRQHandler
                0x0000000008000310                RCC_IRQHandler
                0x0000000008000310                DMA1_Channel1_IRQHandler
                0x0000000008000310                Default_Handler
                0x0000000008000310                RTC_TAMP_LSECSS_IRQHandler
                0x0000000008000310                FMAC_IRQHandler
                0x0000000008000310                EXTI15_10_IRQHandler
                0x0000000008000310                TIM7_IRQHandler
                0x0000000008000310                UCPD1_IRQHandler
                0x0000000008000310                I2C3_EV_IRQHandler
                0x0000000008000310                EXTI9_5_IRQHandler
                0x0000000008000310                RTC_WKUP_IRQHandler
                0x0000000008000310                PVD_PVM_IRQHandler
                0x0000000008000310                SPI2_IRQHandler
                0x0000000008000310                MemManage_Handler
                0x0000000008000310                DMA2_Channel5_IRQHandler
                0x0000000008000310                CRS_IRQHandler
                0x0000000008000310                DMA1_Channel5_IRQHandler
                0x0000000008000310                USB_LP_IRQHandler
                0x0000000008000310                EXTI4_IRQHandler
                0x0000000008000310                RNG_IRQHandler
                0x0000000008000310                DMA1_Channel3_IRQHandler
                0x0000000008000310                WWDG_IRQHandler
                0x0000000008000310                LPUART1_IRQHandler
                0x0000000008000310                DMA2_Channel6_IRQHandler
                0x0000000008000310                FDCAN1_IT0_IRQHandler
                0x0000000008000310                TIM2_IRQHandler
                0x0000000008000310                COMP1_2_3_IRQHandler
                0x0000000008000310                EXTI1_IRQHandler
                0x0000000008000310                USART2_IRQHandler
                0x0000000008000310                I2C2_ER_IRQHandler
                0x0000000008000310                DMA1_Channel2_IRQHandler
                0x0000000008000310                TIM8_BRK_IRQHandler
                0x0000000008000310                FLASH_IRQHandler
                0x0000000008000310                BusFault_Handler
                0x0000000008000310                USART1_IRQHandler
                0x0000000008000310                SPI3_IRQHandler
                0x0000000008000310                I2C1_ER_IRQHandler
                0x0000000008000310                LPTIM1_IRQHandler
                0x0000000008000310                DMAMUX_OVR_IRQHandler
                0x0000000008000310                USBWakeUp_IRQHandler
                0x0000000008000310                SAI1_IRQHandler
                0x0000000008000310                DMA2_Channel3_IRQHandler
                0x0000000008000310                COMP4_IRQHandler
                0x0000000008000310                TIM1_BRK_TIM15_IRQHandler
 *fill*         0x0000000008000312        0x2 
 .text.HAL_TIM_PeriodElapsedCallback
                0x0000000008000314       0xc8 ./Application/User/main.o
                0x0000000008000314                HAL_TIM_PeriodElapsedCallback
 .text.PWM_Function
                0x00000000080003dc       0xf8 ./Application/User/main.o
                0x00000000080003dc                PWM_Function
 .text.stepper_half_drive
                0x00000000080004d4      0x1b4 ./Application/User/main.o
                0x00000000080004d4                stepper_half_drive
 .text.main     0x0000000008000688       0xc4 ./Application/User/main.o
                0x0000000008000688                main
 .text.SystemClock_Config
                0x000000000800074c       0x98 ./Application/User/main.o
                0x000000000800074c                SystemClock_Config
 .text.MX_TIM1_Init
                0x00000000080007e4      0x128 ./Application/User/main.o
 .text.MX_TIM3_Init
                0x000000000800090c       0x9c ./Application/User/main.o
 .text.MX_TIM17_Init
                0x00000000080009a8       0x4c ./Application/User/main.o
 .text.MX_GPIO_Init
                0x00000000080009f4       0xf8 ./Application/User/main.o
 .text.Error_Handler
                0x0000000008000aec        0xc ./Application/User/main.o
                0x0000000008000aec                Error_Handler
 .text.HAL_MspInit
                0x0000000008000af8       0x48 ./Application/User/stm32g4xx_hal_msp.o
                0x0000000008000af8                HAL_MspInit
 .text.HAL_TIM_PWM_MspInit
                0x0000000008000b40       0x4c ./Application/User/stm32g4xx_hal_msp.o
                0x0000000008000b40                HAL_TIM_PWM_MspInit
 .text.HAL_TIM_Base_MspInit
                0x0000000008000b8c       0x84 ./Application/User/stm32g4xx_hal_msp.o
                0x0000000008000b8c                HAL_TIM_Base_MspInit
 .text.HAL_TIM_MspPostInit
                0x0000000008000c10       0x70 ./Application/User/stm32g4xx_hal_msp.o
                0x0000000008000c10                HAL_TIM_MspPostInit
 .text.NMI_Handler
                0x0000000008000c80        0xe ./Application/User/stm32g4xx_it.o
                0x0000000008000c80                NMI_Handler
 .text.HardFault_Handler
                0x0000000008000c8e        0x6 ./Application/User/stm32g4xx_it.o
                0x0000000008000c8e                HardFault_Handler
 .text.SVC_Handler
                0x0000000008000c94        0xe ./Application/User/stm32g4xx_it.o
                0x0000000008000c94                SVC_Handler
 .text.PendSV_Handler
                0x0000000008000ca2        0xe ./Application/User/stm32g4xx_it.o
                0x0000000008000ca2                PendSV_Handler
 .text.SysTick_Handler
                0x0000000008000cb0        0xc ./Application/User/stm32g4xx_it.o
                0x0000000008000cb0                SysTick_Handler
 .text.TIM1_TRG_COM_TIM17_IRQHandler
                0x0000000008000cbc       0x1c ./Application/User/stm32g4xx_it.o
                0x0000000008000cbc                TIM1_TRG_COM_TIM17_IRQHandler
 .text.TIM3_IRQHandler
                0x0000000008000cd8       0x14 ./Application/User/stm32g4xx_it.o
                0x0000000008000cd8                TIM3_IRQHandler
 .text._read    0x0000000008000cec       0x3a ./Application/User/syscalls.o
                0x0000000008000cec                _read
 .text._write   0x0000000008000d26       0x38 ./Application/User/syscalls.o
                0x0000000008000d26                _write
 .text._close   0x0000000008000d5e       0x18 ./Application/User/syscalls.o
                0x0000000008000d5e                _close
 .text._fstat   0x0000000008000d76       0x20 ./Application/User/syscalls.o
                0x0000000008000d76                _fstat
 .text._isatty  0x0000000008000d96       0x16 ./Application/User/syscalls.o
                0x0000000008000d96                _isatty
 .text._lseek   0x0000000008000dac       0x1a ./Application/User/syscalls.o
                0x0000000008000dac                _lseek
 *fill*         0x0000000008000dc6        0x2 
 .text._sbrk    0x0000000008000dc8       0x6c ./Application/User/sysmem.o
                0x0000000008000dc8                _sbrk
 .text.BSP_LED_Init
                0x0000000008000e34       0x6c ./Drivers/BSP/STM32G4xx_Nucleo/stm32g4xx_nucleo.o
                0x0000000008000e34                BSP_LED_Init
 .text.BSP_LED_On
                0x0000000008000ea0       0x2c ./Drivers/BSP/STM32G4xx_Nucleo/stm32g4xx_nucleo.o
                0x0000000008000ea0                BSP_LED_On
 .text.SystemInit
                0x0000000008000ecc       0x2c ./Drivers/CMSIS/system_stm32g4xx.o
                0x0000000008000ecc                SystemInit
 .text.HAL_Init
                0x0000000008000ef8       0x30 ./Drivers/STM32G4xx_HAL_Driver/stm32g4xx_hal.o
                0x0000000008000ef8                HAL_Init
 .text.HAL_InitTick
                0x0000000008000f28       0x74 ./Drivers/STM32G4xx_HAL_Driver/stm32g4xx_hal.o
                0x0000000008000f28                HAL_InitTick
 .text.HAL_IncTick
                0x0000000008000f9c       0x24 ./Drivers/STM32G4xx_HAL_Driver/stm32g4xx_hal.o
                0x0000000008000f9c                HAL_IncTick
 .text.HAL_GetTick
                0x0000000008000fc0       0x18 ./Drivers/STM32G4xx_HAL_Driver/stm32g4xx_hal.o
                0x0000000008000fc0                HAL_GetTick
 .text.__NVIC_SetPriorityGrouping
                0x0000000008000fd8       0x48 ./Drivers/STM32G4xx_HAL_Driver/stm32g4xx_hal_cortex.o
 .text.__NVIC_GetPriorityGrouping
                0x0000000008001020       0x1c ./Drivers/STM32G4xx_HAL_Driver/stm32g4xx_hal_cortex.o
 .text.__NVIC_EnableIRQ
                0x000000000800103c       0x3c ./Drivers/STM32G4xx_HAL_Driver/stm32g4xx_hal_cortex.o
 .text.__NVIC_SetPriority
                0x0000000008001078       0x54 ./Drivers/STM32G4xx_HAL_Driver/stm32g4xx_hal_cortex.o
 .text.NVIC_EncodePriority
                0x00000000080010cc       0x66 ./Drivers/STM32G4xx_HAL_Driver/stm32g4xx_hal_cortex.o
 *fill*         0x0000000008001132        0x2 
 .text.SysTick_Config
                0x0000000008001134       0x44 ./Drivers/STM32G4xx_HAL_Driver/stm32g4xx_hal_cortex.o
 .text.HAL_NVIC_SetPriorityGrouping
                0x0000000008001178       0x16 ./Drivers/STM32G4xx_HAL_Driver/stm32g4xx_hal_cortex.o
                0x0000000008001178                HAL_NVIC_SetPriorityGrouping
 .text.HAL_NVIC_SetPriority
                0x000000000800118e       0x34 ./Drivers/STM32G4xx_HAL_Driver/stm32g4xx_hal_cortex.o
                0x000000000800118e                HAL_NVIC_SetPriority
 .text.HAL_NVIC_EnableIRQ
                0x00000000080011c2       0x1c ./Drivers/STM32G4xx_HAL_Driver/stm32g4xx_hal_cortex.o
                0x00000000080011c2                HAL_NVIC_EnableIRQ
 .text.HAL_SYSTICK_Config
                0x00000000080011de       0x18 ./Drivers/STM32G4xx_HAL_Driver/stm32g4xx_hal_cortex.o
                0x00000000080011de                HAL_SYSTICK_Config
 *fill*         0x00000000080011f6        0x2 
 .text.HAL_GPIO_Init
                0x00000000080011f8      0x304 ./Drivers/STM32G4xx_HAL_Driver/stm32g4xx_hal_gpio.o
                0x00000000080011f8                HAL_GPIO_Init
 .text.HAL_GPIO_ReadPin
                0x00000000080014fc       0x30 ./Drivers/STM32G4xx_HAL_Driver/stm32g4xx_hal_gpio.o
                0x00000000080014fc                HAL_GPIO_ReadPin
 .text.HAL_GPIO_WritePin
                0x000000000800152c       0x30 ./Drivers/STM32G4xx_HAL_Driver/stm32g4xx_hal_gpio.o
                0x000000000800152c                HAL_GPIO_WritePin
 .text.HAL_PWREx_ControlVoltageScaling
                0x000000000800155c      0x148 ./Drivers/STM32G4xx_HAL_Driver/stm32g4xx_hal_pwr_ex.o
                0x000000000800155c                HAL_PWREx_ControlVoltageScaling
 .text.HAL_PWREx_DisableUCPDDeadBattery
                0x00000000080016a4       0x20 ./Drivers/STM32G4xx_HAL_Driver/stm32g4xx_hal_pwr_ex.o
                0x00000000080016a4                HAL_PWREx_DisableUCPDDeadBattery
 .text.HAL_RCC_OscConfig
                0x00000000080016c4      0x624 ./Drivers/STM32G4xx_HAL_Driver/stm32g4xx_hal_rcc.o
                0x00000000080016c4                HAL_RCC_OscConfig
 .text.HAL_RCC_ClockConfig
                0x0000000008001ce8      0x278 ./Drivers/STM32G4xx_HAL_Driver/stm32g4xx_hal_rcc.o
                0x0000000008001ce8                HAL_RCC_ClockConfig
 .text.HAL_RCC_GetSysClockFreq
                0x0000000008001f60       0xc4 ./Drivers/STM32G4xx_HAL_Driver/stm32g4xx_hal_rcc.o
                0x0000000008001f60                HAL_RCC_GetSysClockFreq
 .text.RCC_GetSysClockFreqFromPLLSource
                0x0000000008002024       0x8c ./Drivers/STM32G4xx_HAL_Driver/stm32g4xx_hal_rcc.o
 .text.HAL_TIM_Base_Init
                0x00000000080020b0       0xae ./Drivers/STM32G4xx_HAL_Driver/stm32g4xx_hal_tim.o
                0x00000000080020b0                HAL_TIM_Base_Init
 *fill*         0x000000000800215e        0x2 
 .text.HAL_TIM_Base_Start_IT
                0x0000000008002160       0xd4 ./Drivers/STM32G4xx_HAL_Driver/stm32g4xx_hal_tim.o
                0x0000000008002160                HAL_TIM_Base_Start_IT
 .text.HAL_TIM_PWM_Init
                0x0000000008002234       0xae ./Drivers/STM32G4xx_HAL_Driver/stm32g4xx_hal_tim.o
                0x0000000008002234                HAL_TIM_PWM_Init
 *fill*         0x00000000080022e2        0x2 
 .text.HAL_TIM_PWM_Start
                0x00000000080022e4      0x200 ./Drivers/STM32G4xx_HAL_Driver/stm32g4xx_hal_tim.o
                0x00000000080022e4                HAL_TIM_PWM_Start
 .text.HAL_TIM_IRQHandler
                0x00000000080024e4      0x29e ./Drivers/STM32G4xx_HAL_Driver/stm32g4xx_hal_tim.o
                0x00000000080024e4                HAL_TIM_IRQHandler
 *fill*         0x0000000008002782        0x2 
 .text.HAL_TIM_PWM_ConfigChannel
                0x0000000008002784      0x228 ./Drivers/STM32G4xx_HAL_Driver/stm32g4xx_hal_tim.o
                0x0000000008002784                HAL_TIM_PWM_ConfigChannel
 .text.HAL_TIM_ConfigClockSource
                0x00000000080029ac      0x1f4 ./Drivers/STM32G4xx_HAL_Driver/stm32g4xx_hal_tim.o
                0x00000000080029ac                HAL_TIM_ConfigClockSource
 .text.HAL_TIM_OC_DelayElapsedCallback
                0x0000000008002ba0       0x14 ./Drivers/STM32G4xx_HAL_Driver/stm32g4xx_hal_tim.o
                0x0000000008002ba0                HAL_TIM_OC_DelayElapsedCallback
 .text.HAL_TIM_IC_CaptureCallback
                0x0000000008002bb4       0x14 ./Drivers/STM32G4xx_HAL_Driver/stm32g4xx_hal_tim.o
                0x0000000008002bb4                HAL_TIM_IC_CaptureCallback
 .text.HAL_TIM_PWM_PulseFinishedCallback
                0x0000000008002bc8       0x14 ./Drivers/STM32G4xx_HAL_Driver/stm32g4xx_hal_tim.o
                0x0000000008002bc8                HAL_TIM_PWM_PulseFinishedCallback
 .text.HAL_TIM_TriggerCallback
                0x0000000008002bdc       0x14 ./Drivers/STM32G4xx_HAL_Driver/stm32g4xx_hal_tim.o
                0x0000000008002bdc                HAL_TIM_TriggerCallback
 .text.TIM_Base_SetConfig
                0x0000000008002bf0      0x138 ./Drivers/STM32G4xx_HAL_Driver/stm32g4xx_hal_tim.o
                0x0000000008002bf0                TIM_Base_SetConfig
 .text.TIM_OC1_SetConfig
                0x0000000008002d28      0x120 ./Drivers/STM32G4xx_HAL_Driver/stm32g4xx_hal_tim.o
 .text.TIM_OC2_SetConfig
                0x0000000008002e48      0x114 ./Drivers/STM32G4xx_HAL_Driver/stm32g4xx_hal_tim.o
                0x0000000008002e48                TIM_OC2_SetConfig
 .text.TIM_OC3_SetConfig
                0x0000000008002f5c      0x110 ./Drivers/STM32G4xx_HAL_Driver/stm32g4xx_hal_tim.o
 .text.TIM_OC4_SetConfig
                0x000000000800306c      0x114 ./Drivers/STM32G4xx_HAL_Driver/stm32g4xx_hal_tim.o
 .text.TIM_OC5_SetConfig
                0x0000000008003180       0xc8 ./Drivers/STM32G4xx_HAL_Driver/stm32g4xx_hal_tim.o
 .text.TIM_OC6_SetConfig
                0x0000000008003248       0xcc ./Drivers/STM32G4xx_HAL_Driver/stm32g4xx_hal_tim.o
 .text.TIM_TI1_ConfigInputStage
                0x0000000008003314       0x5e ./Drivers/STM32G4xx_HAL_Driver/stm32g4xx_hal_tim.o
 .text.TIM_TI2_ConfigInputStage
                0x0000000008003372       0x60 ./Drivers/STM32G4xx_HAL_Driver/stm32g4xx_hal_tim.o
 .text.TIM_ITRx_SetConfig
                0x00000000080033d2       0x3a ./Drivers/STM32G4xx_HAL_Driver/stm32g4xx_hal_tim.o
 .text.TIM_ETR_SetConfig
                0x000000000800340c       0x40 ./Drivers/STM32G4xx_HAL_Driver/stm32g4xx_hal_tim.o
                0x000000000800340c                TIM_ETR_SetConfig
 .text.TIM_CCxChannelCmd
                0x000000000800344c       0x4a ./Drivers/STM32G4xx_HAL_Driver/stm32g4xx_hal_tim.o
                0x000000000800344c                TIM_CCxChannelCmd
 *fill*         0x0000000008003496        0x2 
 .text.HAL_TIMEx_MasterConfigSynchronization
                0x0000000008003498      0x104 ./Drivers/STM32G4xx_HAL_Driver/stm32g4xx_hal_tim_ex.o
                0x0000000008003498                HAL_TIMEx_MasterConfigSynchronization
 .text.HAL_TIMEx_ConfigBreakDeadTime
                0x000000000800359c      0x118 ./Drivers/STM32G4xx_HAL_Driver/stm32g4xx_hal_tim_ex.o
                0x000000000800359c                HAL_TIMEx_ConfigBreakDeadTime
 .text.HAL_TIMEx_CommutCallback
                0x00000000080036b4       0x14 ./Drivers/STM32G4xx_HAL_Driver/stm32g4xx_hal_tim_ex.o
                0x00000000080036b4                HAL_TIMEx_CommutCallback
 .text.HAL_TIMEx_BreakCallback
                0x00000000080036c8       0x14 ./Drivers/STM32G4xx_HAL_Driver/stm32g4xx_hal_tim_ex.o
                0x00000000080036c8                HAL_TIMEx_BreakCallback
 .text.HAL_TIMEx_Break2Callback
                0x00000000080036dc       0x14 ./Drivers/STM32G4xx_HAL_Driver/stm32g4xx_hal_tim_ex.o
                0x00000000080036dc                HAL_TIMEx_Break2Callback
 .text.HAL_TIMEx_EncoderIndexCallback
                0x00000000080036f0       0x14 ./Drivers/STM32G4xx_HAL_Driver/stm32g4xx_hal_tim_ex.o
                0x00000000080036f0                HAL_TIMEx_EncoderIndexCallback
 .text.HAL_TIMEx_DirectionChangeCallback
                0x0000000008003704       0x14 ./Drivers/STM32G4xx_HAL_Driver/stm32g4xx_hal_tim_ex.o
                0x0000000008003704                HAL_TIMEx_DirectionChangeCallback
 .text.HAL_TIMEx_IndexErrorCallback
                0x0000000008003718       0x14 ./Drivers/STM32G4xx_HAL_Driver/stm32g4xx_hal_tim_ex.o
                0x0000000008003718                HAL_TIMEx_IndexErrorCallback
 .text.HAL_TIMEx_TransitionErrorCallback
                0x000000000800372c       0x14 ./Drivers/STM32G4xx_HAL_Driver/stm32g4xx_hal_tim_ex.o
                0x000000000800372c                HAL_TIMEx_TransitionErrorCallback
 .text.std      0x0000000008003740       0x6c D:/dev/STM32CubeIDE_1.13.2/STM32CubeIDE/plugins/com.st.stm32cube.ide.mcu.externaltools.gnu-tools-for-stm32.11.3.rel1.win32_1.1.100.202309141235/tools/bin/../lib/gcc/arm-none-eabi/11.3.1/../../../../arm-none-eabi/lib/thumb/v7e-m+fp/hard\libc_nano.a(libc_a-findfp.o)
 .text.stdio_exit_handler
                0x00000000080037ac       0x18 D:/dev/STM32CubeIDE_1.13.2/STM32CubeIDE/plugins/com.st.stm32cube.ide.mcu.externaltools.gnu-tools-for-stm32.11.3.rel1.win32_1.1.100.202309141235/tools/bin/../lib/gcc/arm-none-eabi/11.3.1/../../../../arm-none-eabi/lib/thumb/v7e-m+fp/hard\libc_nano.a(libc_a-findfp.o)
 .text.cleanup_stdio
                0x00000000080037c4       0x40 D:/dev/STM32CubeIDE_1.13.2/STM32CubeIDE/plugins/com.st.stm32cube.ide.mcu.externaltools.gnu-tools-for-stm32.11.3.rel1.win32_1.1.100.202309141235/tools/bin/../lib/gcc/arm-none-eabi/11.3.1/../../../../arm-none-eabi/lib/thumb/v7e-m+fp/hard\libc_nano.a(libc_a-findfp.o)
 .text.global_stdio_init.part.0
                0x0000000008003804       0x3c D:/dev/STM32CubeIDE_1.13.2/STM32CubeIDE/plugins/com.st.stm32cube.ide.mcu.externaltools.gnu-tools-for-stm32.11.3.rel1.win32_1.1.100.202309141235/tools/bin/../lib/gcc/arm-none-eabi/11.3.1/../../../../arm-none-eabi/lib/thumb/v7e-m+fp/hard\libc_nano.a(libc_a-findfp.o)
 .text.__sfp_lock_acquire
                0x0000000008003840        0xc D:/dev/STM32CubeIDE_1.13.2/STM32CubeIDE/plugins/com.st.stm32cube.ide.mcu.externaltools.gnu-tools-for-stm32.11.3.rel1.win32_1.1.100.202309141235/tools/bin/../lib/gcc/arm-none-eabi/11.3.1/../../../../arm-none-eabi/lib/thumb/v7e-m+fp/hard\libc_nano.a(libc_a-findfp.o)
                0x0000000008003840                __sfp_lock_acquire
 .text.__sfp_lock_release
                0x000000000800384c        0xc D:/dev/STM32CubeIDE_1.13.2/STM32CubeIDE/plugins/com.st.stm32cube.ide.mcu.externaltools.gnu-tools-for-stm32.11.3.rel1.win32_1.1.100.202309141235/tools/bin/../lib/gcc/arm-none-eabi/11.3.1/../../../../arm-none-eabi/lib/thumb/v7e-m+fp/hard\libc_nano.a(libc_a-findfp.o)
                0x000000000800384c                __sfp_lock_release
 .text.__sinit  0x0000000008003858       0x30 D:/dev/STM32CubeIDE_1.13.2/STM32CubeIDE/plugins/com.st.stm32cube.ide.mcu.externaltools.gnu-tools-for-stm32.11.3.rel1.win32_1.1.100.202309141235/tools/bin/../lib/gcc/arm-none-eabi/11.3.1/../../../../arm-none-eabi/lib/thumb/v7e-m+fp/hard\libc_nano.a(libc_a-findfp.o)
                0x0000000008003858                __sinit
 .text._fwalk_sglue
                0x0000000008003888       0x3c D:/dev/STM32CubeIDE_1.13.2/STM32CubeIDE/plugins/com.st.stm32cube.ide.mcu.externaltools.gnu-tools-for-stm32.11.3.rel1.win32_1.1.100.202309141235/tools/bin/../lib/gcc/arm-none-eabi/11.3.1/../../../../arm-none-eabi/lib/thumb/v7e-m+fp/hard\libc_nano.a(libc_a-fwalk.o)
                0x0000000008003888                _fwalk_sglue
 .text.printf   0x00000000080038c4       0x24 D:/dev/STM32CubeIDE_1.13.2/STM32CubeIDE/plugins/com.st.stm32cube.ide.mcu.externaltools.gnu-tools-for-stm32.11.3.rel1.win32_1.1.100.202309141235/tools/bin/../lib/gcc/arm-none-eabi/11.3.1/../../../../arm-none-eabi/lib/thumb/v7e-m+fp/hard\libc_nano.a(libc_a-printf.o)
                0x00000000080038c4                iprintf
                0x00000000080038c4                printf
 .text._puts_r  0x00000000080038e8       0xa8 D:/dev/STM32CubeIDE_1.13.2/STM32CubeIDE/plugins/com.st.stm32cube.ide.mcu.externaltools.gnu-tools-for-stm32.11.3.rel1.win32_1.1.100.202309141235/tools/bin/../lib/gcc/arm-none-eabi/11.3.1/../../../../arm-none-eabi/lib/thumb/v7e-m+fp/hard\libc_nano.a(libc_a-puts.o)
                0x00000000080038e8                _puts_r
 .text.puts     0x0000000008003990       0x10 D:/dev/STM32CubeIDE_1.13.2/STM32CubeIDE/plugins/com.st.stm32cube.ide.mcu.externaltools.gnu-tools-for-stm32.11.3.rel1.win32_1.1.100.202309141235/tools/bin/../lib/gcc/arm-none-eabi/11.3.1/../../../../arm-none-eabi/lib/thumb/v7e-m+fp/hard\libc_nano.a(libc_a-puts.o)
                0x0000000008003990                puts
 .text.__sread  0x00000000080039a0       0x22 D:/dev/STM32CubeIDE_1.13.2/STM32CubeIDE/plugins/com.st.stm32cube.ide.mcu.externaltools.gnu-tools-for-stm32.11.3.rel1.win32_1.1.100.202309141235/tools/bin/../lib/gcc/arm-none-eabi/11.3.1/../../../../arm-none-eabi/lib/thumb/v7e-m+fp/hard\libc_nano.a(libc_a-stdio.o)
                0x00000000080039a0                __sread
 .text.__swrite
                0x00000000080039c2       0x38 D:/dev/STM32CubeIDE_1.13.2/STM32CubeIDE/plugins/com.st.stm32cube.ide.mcu.externaltools.gnu-tools-for-stm32.11.3.rel1.win32_1.1.100.202309141235/tools/bin/../lib/gcc/arm-none-eabi/11.3.1/../../../../arm-none-eabi/lib/thumb/v7e-m+fp/hard\libc_nano.a(libc_a-stdio.o)
                0x00000000080039c2                __swrite
 .text.__sseek  0x00000000080039fa       0x24 D:/dev/STM32CubeIDE_1.13.2/STM32CubeIDE/plugins/com.st.stm32cube.ide.mcu.externaltools.gnu-tools-for-stm32.11.3.rel1.win32_1.1.100.202309141235/tools/bin/../lib/gcc/arm-none-eabi/11.3.1/../../../../arm-none-eabi/lib/thumb/v7e-m+fp/hard\libc_nano.a(libc_a-stdio.o)
                0x00000000080039fa                __sseek
 .text.__sclose
                0x0000000008003a1e        0x8 D:/dev/STM32CubeIDE_1.13.2/STM32CubeIDE/plugins/com.st.stm32cube.ide.mcu.externaltools.gnu-tools-for-stm32.11.3.rel1.win32_1.1.100.202309141235/tools/bin/../lib/gcc/arm-none-eabi/11.3.1/../../../../arm-none-eabi/lib/thumb/v7e-m+fp/hard\libc_nano.a(libc_a-stdio.o)
                0x0000000008003a1e                __sclose
 .text.__swbuf_r
                0x0000000008003a26       0x7a D:/dev/STM32CubeIDE_1.13.2/STM32CubeIDE/plugins/com.st.stm32cube.ide.mcu.externaltools.gnu-tools-for-stm32.11.3.rel1.win32_1.1.100.202309141235/tools/bin/../lib/gcc/arm-none-eabi/11.3.1/../../../../arm-none-eabi/lib/thumb/v7e-m+fp/hard\libc_nano.a(libc_a-wbuf.o)
                0x0000000008003a26                __swbuf_r
 .text.__swsetup_r
                0x0000000008003aa0       0xb0 D:/dev/STM32CubeIDE_1.13.2/STM32CubeIDE/plugins/com.st.stm32cube.ide.mcu.externaltools.gnu-tools-for-stm32.11.3.rel1.win32_1.1.100.202309141235/tools/bin/../lib/gcc/arm-none-eabi/11.3.1/../../../../arm-none-eabi/lib/thumb/v7e-m+fp/hard\libc_nano.a(libc_a-wsetup.o)
                0x0000000008003aa0                __swsetup_r
 .text.memset   0x0000000008003b50       0x10 D:/dev/STM32CubeIDE_1.13.2/STM32CubeIDE/plugins/com.st.stm32cube.ide.mcu.externaltools.gnu-tools-for-stm32.11.3.rel1.win32_1.1.100.202309141235/tools/bin/../lib/gcc/arm-none-eabi/11.3.1/../../../../arm-none-eabi/lib/thumb/v7e-m+fp/hard\libc_nano.a(libc_a-memset.o)
                0x0000000008003b50                memset
 .text._close_r
                0x0000000008003b60       0x20 D:/dev/STM32CubeIDE_1.13.2/STM32CubeIDE/plugins/com.st.stm32cube.ide.mcu.externaltools.gnu-tools-for-stm32.11.3.rel1.win32_1.1.100.202309141235/tools/bin/../lib/gcc/arm-none-eabi/11.3.1/../../../../arm-none-eabi/lib/thumb/v7e-m+fp/hard\libc_nano.a(libc_a-closer.o)
                0x0000000008003b60                _close_r
 .text._lseek_r
                0x0000000008003b80       0x24 D:/dev/STM32CubeIDE_1.13.2/STM32CubeIDE/plugins/com.st.stm32cube.ide.mcu.externaltools.gnu-tools-for-stm32.11.3.rel1.win32_1.1.100.202309141235/tools/bin/../lib/gcc/arm-none-eabi/11.3.1/../../../../arm-none-eabi/lib/thumb/v7e-m+fp/hard\libc_nano.a(libc_a-lseekr.o)
                0x0000000008003b80                _lseek_r
 .text._read_r  0x0000000008003ba4       0x24 D:/dev/STM32CubeIDE_1.13.2/STM32CubeIDE/plugins/com.st.stm32cube.ide.mcu.externaltools.gnu-tools-for-stm32.11.3.rel1.win32_1.1.100.202309141235/tools/bin/../lib/gcc/arm-none-eabi/11.3.1/../../../../arm-none-eabi/lib/thumb/v7e-m+fp/hard\libc_nano.a(libc_a-readr.o)
                0x0000000008003ba4                _read_r
 .text._write_r
                0x0000000008003bc8       0x24 D:/dev/STM32CubeIDE_1.13.2/STM32CubeIDE/plugins/com.st.stm32cube.ide.mcu.externaltools.gnu-tools-for-stm32.11.3.rel1.win32_1.1.100.202309141235/tools/bin/../lib/gcc/arm-none-eabi/11.3.1/../../../../arm-none-eabi/lib/thumb/v7e-m+fp/hard\libc_nano.a(libc_a-writer.o)
                0x0000000008003bc8                _write_r
 .text.__errno  0x0000000008003bec        0xc D:/dev/STM32CubeIDE_1.13.2/STM32CubeIDE/plugins/com.st.stm32cube.ide.mcu.externaltools.gnu-tools-for-stm32.11.3.rel1.win32_1.1.100.202309141235/tools/bin/../lib/gcc/arm-none-eabi/11.3.1/../../../../arm-none-eabi/lib/thumb/v7e-m+fp/hard\libc_nano.a(libc_a-errno.o)
                0x0000000008003bec                __errno
 .text.__libc_init_array
                0x0000000008003bf8       0x48 D:/dev/STM32CubeIDE_1.13.2/STM32CubeIDE/plugins/com.st.stm32cube.ide.mcu.externaltools.gnu-tools-for-stm32.11.3.rel1.win32_1.1.100.202309141235/tools/bin/../lib/gcc/arm-none-eabi/11.3.1/../../../../arm-none-eabi/lib/thumb/v7e-m+fp/hard\libc_nano.a(libc_a-init.o)
                0x0000000008003bf8                __libc_init_array
 .text.__retarget_lock_init_recursive
                0x0000000008003c40        0x2 D:/dev/STM32CubeIDE_1.13.2/STM32CubeIDE/plugins/com.st.stm32cube.ide.mcu.externaltools.gnu-tools-for-stm32.11.3.rel1.win32_1.1.100.202309141235/tools/bin/../lib/gcc/arm-none-eabi/11.3.1/../../../../arm-none-eabi/lib/thumb/v7e-m+fp/hard\libc_nano.a(libc_a-lock.o)
                0x0000000008003c40                __retarget_lock_init_recursive
 .text.__retarget_lock_acquire_recursive
                0x0000000008003c42        0x2 D:/dev/STM32CubeIDE_1.13.2/STM32CubeIDE/plugins/com.st.stm32cube.ide.mcu.externaltools.gnu-tools-for-stm32.11.3.rel1.win32_1.1.100.202309141235/tools/bin/../lib/gcc/arm-none-eabi/11.3.1/../../../../arm-none-eabi/lib/thumb/v7e-m+fp/hard\libc_nano.a(libc_a-lock.o)
                0x0000000008003c42                __retarget_lock_acquire_recursive
 .text.__retarget_lock_release_recursive
                0x0000000008003c44        0x2 D:/dev/STM32CubeIDE_1.13.2/STM32CubeIDE/plugins/com.st.stm32cube.ide.mcu.externaltools.gnu-tools-for-stm32.11.3.rel1.win32_1.1.100.202309141235/tools/bin/../lib/gcc/arm-none-eabi/11.3.1/../../../../arm-none-eabi/lib/thumb/v7e-m+fp/hard\libc_nano.a(libc_a-lock.o)
                0x0000000008003c44                __retarget_lock_release_recursive
 *fill*         0x0000000008003c46        0x2 
 .text._free_r  0x0000000008003c48       0x98 D:/dev/STM32CubeIDE_1.13.2/STM32CubeIDE/plugins/com.st.stm32cube.ide.mcu.externaltools.gnu-tools-for-stm32.11.3.rel1.win32_1.1.100.202309141235/tools/bin/../lib/gcc/arm-none-eabi/11.3.1/../../../../arm-none-eabi/lib/thumb/v7e-m+fp/hard\libc_nano.a(libc_a-freer.o)
                0x0000000008003c48                _free_r
 .text.sbrk_aligned
                0x0000000008003ce0       0x40 D:/dev/STM32CubeIDE_1.13.2/STM32CubeIDE/plugins/com.st.stm32cube.ide.mcu.externaltools.gnu-tools-for-stm32.11.3.rel1.win32_1.1.100.202309141235/tools/bin/../lib/gcc/arm-none-eabi/11.3.1/../../../../arm-none-eabi/lib/thumb/v7e-m+fp/hard\libc_nano.a(libc_a-mallocr.o)
 .text._malloc_r
                0x0000000008003d20      0x100 D:/dev/STM32CubeIDE_1.13.2/STM32CubeIDE/plugins/com.st.stm32cube.ide.mcu.externaltools.gnu-tools-for-stm32.11.3.rel1.win32_1.1.100.202309141235/tools/bin/../lib/gcc/arm-none-eabi/11.3.1/../../../../arm-none-eabi/lib/thumb/v7e-m+fp/hard\libc_nano.a(libc_a-mallocr.o)
                0x0000000008003d20                _malloc_r
 .text.__malloc_lock
                0x0000000008003e20        0xc D:/dev/STM32CubeIDE_1.13.2/STM32CubeIDE/plugins/com.st.stm32cube.ide.mcu.externaltools.gnu-tools-for-stm32.11.3.rel1.win32_1.1.100.202309141235/tools/bin/../lib/gcc/arm-none-eabi/11.3.1/../../../../arm-none-eabi/lib/thumb/v7e-m+fp/hard\libc_nano.a(libc_a-mlock.o)
                0x0000000008003e20                __malloc_lock
 .text.__malloc_unlock
                0x0000000008003e2c        0xc D:/dev/STM32CubeIDE_1.13.2/STM32CubeIDE/plugins/com.st.stm32cube.ide.mcu.externaltools.gnu-tools-for-stm32.11.3.rel1.win32_1.1.100.202309141235/tools/bin/../lib/gcc/arm-none-eabi/11.3.1/../../../../arm-none-eabi/lib/thumb/v7e-m+fp/hard\libc_nano.a(libc_a-mlock.o)
                0x0000000008003e2c                __malloc_unlock
 .text.__sfputc_r
                0x0000000008003e38       0x2e D:/dev/STM32CubeIDE_1.13.2/STM32CubeIDE/plugins/com.st.stm32cube.ide.mcu.externaltools.gnu-tools-for-stm32.11.3.rel1.win32_1.1.100.202309141235/tools/bin/../lib/gcc/arm-none-eabi/11.3.1/../../../../arm-none-eabi/lib/thumb/v7e-m+fp/hard\libc_nano.a(libc_a-nano-vfprintf.o)
 .text.__sfputs_r
                0x0000000008003e66       0x24 D:/dev/STM32CubeIDE_1.13.2/STM32CubeIDE/plugins/com.st.stm32cube.ide.mcu.externaltools.gnu-tools-for-stm32.11.3.rel1.win32_1.1.100.202309141235/tools/bin/../lib/gcc/arm-none-eabi/11.3.1/../../../../arm-none-eabi/lib/thumb/v7e-m+fp/hard\libc_nano.a(libc_a-nano-vfprintf.o)
                0x0000000008003e66                __sfputs_r
 *fill*         0x0000000008003e8a        0x2 
 .text._vfprintf_r
                0x0000000008003e8c      0x234 D:/dev/STM32CubeIDE_1.13.2/STM32CubeIDE/plugins/com.st.stm32cube.ide.mcu.externaltools.gnu-tools-for-stm32.11.3.rel1.win32_1.1.100.202309141235/tools/bin/../lib/gcc/arm-none-eabi/11.3.1/../../../../arm-none-eabi/lib/thumb/v7e-m+fp/hard\libc_nano.a(libc_a-nano-vfprintf.o)
                0x0000000008003e8c                _vfprintf_r
                0x0000000008003e8c                _vfiprintf_r
 .text._printf_common
                0x00000000080040c0       0xda D:/dev/STM32CubeIDE_1.13.2/STM32CubeIDE/plugins/com.st.stm32cube.ide.mcu.externaltools.gnu-tools-for-stm32.11.3.rel1.win32_1.1.100.202309141235/tools/bin/../lib/gcc/arm-none-eabi/11.3.1/../../../../arm-none-eabi/lib/thumb/v7e-m+fp/hard\libc_nano.a(libc_a-nano-vfprintf_i.o)
                0x00000000080040c0                _printf_common
 *fill*         0x000000000800419a        0x2 
 .text._printf_i
                0x000000000800419c      0x244 D:/dev/STM32CubeIDE_1.13.2/STM32CubeIDE/plugins/com.st.stm32cube.ide.mcu.externaltools.gnu-tools-for-stm32.11.3.rel1.win32_1.1.100.202309141235/tools/bin/../lib/gcc/arm-none-eabi/11.3.1/../../../../arm-none-eabi/lib/thumb/v7e-m+fp/hard\libc_nano.a(libc_a-nano-vfprintf_i.o)
                0x000000000800419c                _printf_i
 .text.__sflush_r
                0x00000000080043e0      0x10c D:/dev/STM32CubeIDE_1.13.2/STM32CubeIDE/plugins/com.st.stm32cube.ide.mcu.externaltools.gnu-tools-for-stm32.11.3.rel1.win32_1.1.100.202309141235/tools/bin/../lib/gcc/arm-none-eabi/11.3.1/../../../../arm-none-eabi/lib/thumb/v7e-m+fp/hard\libc_nano.a(libc_a-fflush.o)
                0x00000000080043e0                __sflush_r
 .text._fflush_r
                0x00000000080044ec       0x50 D:/dev/STM32CubeIDE_1.13.2/STM32CubeIDE/plugins/com.st.stm32cube.ide.mcu.externaltools.gnu-tools-for-stm32.11.3.rel1.win32_1.1.100.202309141235/tools/bin/../lib/gcc/arm-none-eabi/11.3.1/../../../../arm-none-eabi/lib/thumb/v7e-m+fp/hard\libc_nano.a(libc_a-fflush.o)
                0x00000000080044ec                _fflush_r
 .text.__swhatbuf_r
                0x000000000800453c       0x4c D:/dev/STM32CubeIDE_1.13.2/STM32CubeIDE/plugins/com.st.stm32cube.ide.mcu.externaltools.gnu-tools-for-stm32.11.3.rel1.win32_1.1.100.202309141235/tools/bin/../lib/gcc/arm-none-eabi/11.3.1/../../../../arm-none-eabi/lib/thumb/v7e-m+fp/hard\libc_nano.a(libc_a-makebuf.o)
                0x000000000800453c                __swhatbuf_r
 .text.__smakebuf_r
                0x0000000008004588       0x78 D:/dev/STM32CubeIDE_1.13.2/STM32CubeIDE/plugins/com.st.stm32cube.ide.mcu.externaltools.gnu-tools-for-stm32.11.3.rel1.win32_1.1.100.202309141235/tools/bin/../lib/gcc/arm-none-eabi/11.3.1/../../../../arm-none-eabi/lib/thumb/v7e-m+fp/hard\libc_nano.a(libc_a-makebuf.o)
                0x0000000008004588                __smakebuf_r
 .text._fstat_r
                0x0000000008004600       0x24 D:/dev/STM32CubeIDE_1.13.2/STM32CubeIDE/plugins/com.st.stm32cube.ide.mcu.externaltools.gnu-tools-for-stm32.11.3.rel1.win32_1.1.100.202309141235/tools/bin/../lib/gcc/arm-none-eabi/11.3.1/../../../../arm-none-eabi/lib/thumb/v7e-m+fp/hard\libc_nano.a(libc_a-fstatr.o)
                0x0000000008004600                _fstat_r
 .text._isatty_r
                0x0000000008004624       0x20 D:/dev/STM32CubeIDE_1.13.2/STM32CubeIDE/plugins/com.st.stm32cube.ide.mcu.externaltools.gnu-tools-for-stm32.11.3.rel1.win32_1.1.100.202309141235/tools/bin/../lib/gcc/arm-none-eabi/11.3.1/../../../../arm-none-eabi/lib/thumb/v7e-m+fp/hard\libc_nano.a(libc_a-isattyr.o)
                0x0000000008004624                _isatty_r
 .text._sbrk_r  0x0000000008004644       0x20 D:/dev/STM32CubeIDE_1.13.2/STM32CubeIDE/plugins/com.st.stm32cube.ide.mcu.externaltools.gnu-tools-for-stm32.11.3.rel1.win32_1.1.100.202309141235/tools/bin/../lib/gcc/arm-none-eabi/11.3.1/../../../../arm-none-eabi/lib/thumb/v7e-m+fp/hard\libc_nano.a(libc_a-sbrkr.o)
                0x0000000008004644                _sbrk_r
 *(.glue_7)
 .glue_7        0x0000000008004664        0x0 linker stubs
 *(.glue_7t)
 .glue_7t       0x0000000008004664        0x0 linker stubs
 *(.eh_frame)
 .eh_frame      0x0000000008004664        0x0 D:/dev/STM32CubeIDE_1.13.2/STM32CubeIDE/plugins/com.st.stm32cube.ide.mcu.externaltools.gnu-tools-for-stm32.11.3.rel1.win32_1.1.100.202309141235/tools/bin/../lib/gcc/arm-none-eabi/11.3.1/thumb/v7e-m+fp/hard/crtbegin.o
 *(.init)
 .init          0x0000000008004664        0x4 D:/dev/STM32CubeIDE_1.13.2/STM32CubeIDE/plugins/com.st.stm32cube.ide.mcu.externaltools.gnu-tools-for-stm32.11.3.rel1.win32_1.1.100.202309141235/tools/bin/../lib/gcc/arm-none-eabi/11.3.1/thumb/v7e-m+fp/hard/crti.o
                0x0000000008004664                _init
 .init          0x0000000008004668        0x8 D:/dev/STM32CubeIDE_1.13.2/STM32CubeIDE/plugins/com.st.stm32cube.ide.mcu.externaltools.gnu-tools-for-stm32.11.3.rel1.win32_1.1.100.202309141235/tools/bin/../lib/gcc/arm-none-eabi/11.3.1/thumb/v7e-m+fp/hard/crtn.o
 *(.fini)
 .fini          0x0000000008004670        0x4 D:/dev/STM32CubeIDE_1.13.2/STM32CubeIDE/plugins/com.st.stm32cube.ide.mcu.externaltools.gnu-tools-for-stm32.11.3.rel1.win32_1.1.100.202309141235/tools/bin/../lib/gcc/arm-none-eabi/11.3.1/thumb/v7e-m+fp/hard/crti.o
                0x0000000008004670                _fini
 .fini          0x0000000008004674        0x8 D:/dev/STM32CubeIDE_1.13.2/STM32CubeIDE/plugins/com.st.stm32cube.ide.mcu.externaltools.gnu-tools-for-stm32.11.3.rel1.win32_1.1.100.202309141235/tools/bin/../lib/gcc/arm-none-eabi/11.3.1/thumb/v7e-m+fp/hard/crtn.o
                0x000000000800467c                . = ALIGN (0x4)
                0x000000000800467c                _etext = .

.vfp11_veneer   0x000000000800467c        0x0
 .vfp11_veneer  0x000000000800467c        0x0 linker stubs

.v4_bx          0x000000000800467c        0x0
 .v4_bx         0x000000000800467c        0x0 linker stubs

.iplt           0x000000000800467c        0x0
 .iplt          0x000000000800467c        0x0 D:/dev/STM32CubeIDE_1.13.2/STM32CubeIDE/plugins/com.st.stm32cube.ide.mcu.externaltools.gnu-tools-for-stm32.11.3.rel1.win32_1.1.100.202309141235/tools/bin/../lib/gcc/arm-none-eabi/11.3.1/thumb/v7e-m+fp/hard/crtbegin.o

.rodata         0x000000000800467c       0x60
                0x000000000800467c                . = ALIGN (0x4)
 *(.rodata)
 .rodata        0x000000000800467c       0x1a ./Application/User/main.o
 *(.rodata*)
 *fill*         0x0000000008004696        0x2 
 .rodata.AHBPrescTable
                0x0000000008004698       0x10 ./Drivers/CMSIS/system_stm32g4xx.o
                0x0000000008004698                AHBPrescTable
 .rodata._vfprintf_r.str1.1
                0x00000000080046a8       0x11 D:/dev/STM32CubeIDE_1.13.2/STM32CubeIDE/plugins/com.st.stm32cube.ide.mcu.externaltools.gnu-tools-for-stm32.11.3.rel1.win32_1.1.100.202309141235/tools/bin/../lib/gcc/arm-none-eabi/11.3.1/../../../../arm-none-eabi/lib/thumb/v7e-m+fp/hard\libc_nano.a(libc_a-nano-vfprintf.o)
 .rodata._printf_i.str1.1
                0x00000000080046b9       0x22 D:/dev/STM32CubeIDE_1.13.2/STM32CubeIDE/plugins/com.st.stm32cube.ide.mcu.externaltools.gnu-tools-for-stm32.11.3.rel1.win32_1.1.100.202309141235/tools/bin/../lib/gcc/arm-none-eabi/11.3.1/../../../../arm-none-eabi/lib/thumb/v7e-m+fp/hard\libc_nano.a(libc_a-nano-vfprintf_i.o)
                0x00000000080046dc                . = ALIGN (0x4)
 *fill*         0x00000000080046db        0x1 

.rel.dyn        0x00000000080046dc        0x0
 .rel.iplt      0x00000000080046dc        0x0 D:/dev/STM32CubeIDE_1.13.2/STM32CubeIDE/plugins/com.st.stm32cube.ide.mcu.externaltools.gnu-tools-for-stm32.11.3.rel1.win32_1.1.100.202309141235/tools/bin/../lib/gcc/arm-none-eabi/11.3.1/thumb/v7e-m+fp/hard/crtbegin.o

.ARM.extab      0x00000000080046dc        0x0
                0x00000000080046dc                . = ALIGN (0x4)
 *(.ARM.extab* .gnu.linkonce.armextab.*)
                0x00000000080046dc                . = ALIGN (0x4)

.ARM            0x00000000080046dc        0x0
                0x00000000080046dc                . = ALIGN (0x4)
                0x00000000080046dc                __exidx_start = .
 *(.ARM.exidx*)
                0x00000000080046dc                __exidx_end = .
                0x00000000080046dc                . = ALIGN (0x4)

.preinit_array  0x00000000080046dc        0x0
                0x00000000080046dc                . = ALIGN (0x4)
                0x00000000080046dc                PROVIDE (__preinit_array_start = .)
 *(.preinit_array*)
                0x00000000080046dc                PROVIDE (__preinit_array_end = .)
                0x00000000080046dc                . = ALIGN (0x4)

.init_array     0x00000000080046dc        0x4
                0x00000000080046dc                . = ALIGN (0x4)
                0x00000000080046dc                PROVIDE (__init_array_start = .)
 *(SORT_BY_NAME(.init_array.*))
 *(.init_array*)
 .init_array    0x00000000080046dc        0x4 D:/dev/STM32CubeIDE_1.13.2/STM32CubeIDE/plugins/com.st.stm32cube.ide.mcu.externaltools.gnu-tools-for-stm32.11.3.rel1.win32_1.1.100.202309141235/tools/bin/../lib/gcc/arm-none-eabi/11.3.1/thumb/v7e-m+fp/hard/crtbegin.o
                0x00000000080046e0                PROVIDE (__init_array_end = .)
                0x00000000080046e0                . = ALIGN (0x4)

.fini_array     0x00000000080046e0        0x4
                0x00000000080046e0                . = ALIGN (0x4)
                [!provide]                        PROVIDE (__fini_array_start = .)
 *(SORT_BY_NAME(.fini_array.*))
 *(.fini_array*)
 .fini_array    0x00000000080046e0        0x4 D:/dev/STM32CubeIDE_1.13.2/STM32CubeIDE/plugins/com.st.stm32cube.ide.mcu.externaltools.gnu-tools-for-stm32.11.3.rel1.win32_1.1.100.202309141235/tools/bin/../lib/gcc/arm-none-eabi/11.3.1/thumb/v7e-m+fp/hard/crtbegin.o
                [!provide]                        PROVIDE (__fini_array_end = .)
                0x00000000080046e4                . = ALIGN (0x4)
                0x00000000080046e4                _sidata = LOADADDR (.data)

.data           0x0000000020000000       0x70 load address 0x00000000080046e4
                0x0000000020000000                . = ALIGN (0x4)
                0x0000000020000000                _sdata = .
 *(.data)
 *(.data*)
 .data.pwm_direct
                0x0000000020000000        0x1 ./Application/User/main.o
                0x0000000020000000                pwm_direct
 *fill*         0x0000000020000001        0x3 
 .data.LED_PORT
                0x0000000020000004        0x4 ./Drivers/BSP/STM32G4xx_Nucleo/stm32g4xx_nucleo.o
 .data.SystemCoreClock
                0x0000000020000008        0x4 ./Drivers/CMSIS/system_stm32g4xx.o
                0x0000000020000008                SystemCoreClock
 .data.uwTickPrio
                0x000000002000000c        0x4 ./Drivers/STM32G4xx_HAL_Driver/stm32g4xx_hal.o
                0x000000002000000c                uwTickPrio
 .data.uwTickFreq
                0x0000000020000010        0x4 ./Drivers/STM32G4xx_HAL_Driver/stm32g4xx_hal.o
                0x0000000020000010                uwTickFreq
 .data.__sglue  0x0000000020000014        0xc D:/dev/STM32CubeIDE_1.13.2/STM32CubeIDE/plugins/com.st.stm32cube.ide.mcu.externaltools.gnu-tools-for-stm32.11.3.rel1.win32_1.1.100.202309141235/tools/bin/../lib/gcc/arm-none-eabi/11.3.1/../../../../arm-none-eabi/lib/thumb/v7e-m+fp/hard\libc_nano.a(libc_a-findfp.o)
                0x0000000020000014                __sglue
 .data._impure_data
                0x0000000020000020       0x4c D:/dev/STM32CubeIDE_1.13.2/STM32CubeIDE/plugins/com.st.stm32cube.ide.mcu.externaltools.gnu-tools-for-stm32.11.3.rel1.win32_1.1.100.202309141235/tools/bin/../lib/gcc/arm-none-eabi/11.3.1/../../../../arm-none-eabi/lib/thumb/v7e-m+fp/hard\libc_nano.a(libc_a-impure.o)
                0x0000000020000020                _impure_data
 .data._impure_ptr
                0x000000002000006c        0x4 D:/dev/STM32CubeIDE_1.13.2/STM32CubeIDE/plugins/com.st.stm32cube.ide.mcu.externaltools.gnu-tools-for-stm32.11.3.rel1.win32_1.1.100.202309141235/tools/bin/../lib/gcc/arm-none-eabi/11.3.1/../../../../arm-none-eabi/lib/thumb/v7e-m+fp/hard\libc_nano.a(libc_a-impure.o)
                0x000000002000006c                _impure_ptr
                0x0000000020000070                . = ALIGN (0x4)
                0x0000000020000070                _edata = .

.igot.plt       0x0000000020000070        0x0 load address 0x0000000008004754
 .igot.plt      0x0000000020000070        0x0 D:/dev/STM32CubeIDE_1.13.2/STM32CubeIDE/plugins/com.st.stm32cube.ide.mcu.externaltools.gnu-tools-for-stm32.11.3.rel1.win32_1.1.100.202309141235/tools/bin/../lib/gcc/arm-none-eabi/11.3.1/thumb/v7e-m+fp/hard/crtbegin.o
                0x0000000020000070                . = ALIGN (0x4)

.bss            0x0000000020000070      0x280 load address 0x0000000008004754
                0x0000000020000070                _sbss = .
                0x0000000020000070                __bss_start__ = _sbss
 *(.bss)
 .bss           0x0000000020000070       0x1c D:/dev/STM32CubeIDE_1.13.2/STM32CubeIDE/plugins/com.st.stm32cube.ide.mcu.externaltools.gnu-tools-for-stm32.11.3.rel1.win32_1.1.100.202309141235/tools/bin/../lib/gcc/arm-none-eabi/11.3.1/thumb/v7e-m+fp/hard/crtbegin.o
 *(.bss*)
 .bss.htim1     0x000000002000008c       0x4c ./Application/User/main.o
                0x000000002000008c                htim1
 .bss.htim3     0x00000000200000d8       0x4c ./Application/User/main.o
                0x00000000200000d8                htim3
 .bss.htim17    0x0000000020000124       0x4c ./Application/User/main.o
                0x0000000020000124                htim17
 .bss.millis    0x0000000020000170        0x4 ./Application/User/main.o
                0x0000000020000170                millis
 .bss.millis2   0x0000000020000174        0x4 ./Application/User/main.o
                0x0000000020000174                millis2
 .bss.buttonFlag
                0x0000000020000178        0x4 ./Application/User/main.o
                0x0000000020000178                buttonFlag
 .bss.interrupt_flag
                0x000000002000017c        0x4 ./Application/User/main.o
                0x000000002000017c                interrupt_flag
 .bss.counter1  0x0000000020000180        0x4 ./Application/User/main.o
 .bss.sek       0x0000000020000184        0x4 ./Application/User/main.o
                0x0000000020000184                sek
 .bss.milli_in_sek
                0x0000000020000188        0x4 ./Application/User/main.o
                0x0000000020000188                milli_in_sek
 .bss.counter_signal
                0x000000002000018c        0x1 ./Application/User/main.o
                0x000000002000018c                counter_signal
 *fill*         0x000000002000018d        0x3 
 .bss.pwm_cycle
                0x0000000020000190        0x4 ./Application/User/main.o
                0x0000000020000190                pwm_cycle
 .bss.period    0x0000000020000194        0x4 ./Application/User/main.o
                0x0000000020000194                period
 .bss.halfstep  0x0000000020000198        0x4 ./Application/User/main.o
                0x0000000020000198                halfstep
 .bss.__sbrk_heap_end
                0x000000002000019c        0x4 ./Application/User/sysmem.o
 .bss.uwTick    0x00000000200001a0        0x4 ./Drivers/STM32G4xx_HAL_Driver/stm32g4xx_hal.o
                0x00000000200001a0                uwTick
 .bss.__sf      0x00000000200001a4      0x138 D:/dev/STM32CubeIDE_1.13.2/STM32CubeIDE/plugins/com.st.stm32cube.ide.mcu.externaltools.gnu-tools-for-stm32.11.3.rel1.win32_1.1.100.202309141235/tools/bin/../lib/gcc/arm-none-eabi/11.3.1/../../../../arm-none-eabi/lib/thumb/v7e-m+fp/hard\libc_nano.a(libc_a-findfp.o)
                0x00000000200001a4                __sf
 .bss.__stdio_exit_handler
                0x00000000200002dc        0x4 D:/dev/STM32CubeIDE_1.13.2/STM32CubeIDE/plugins/com.st.stm32cube.ide.mcu.externaltools.gnu-tools-for-stm32.11.3.rel1.win32_1.1.100.202309141235/tools/bin/../lib/gcc/arm-none-eabi/11.3.1/../../../../arm-none-eabi/lib/thumb/v7e-m+fp/hard\libc_nano.a(libc_a-findfp.o)
                0x00000000200002dc                __stdio_exit_handler
 .bss.errno     0x00000000200002e0        0x4 D:/dev/STM32CubeIDE_1.13.2/STM32CubeIDE/plugins/com.st.stm32cube.ide.mcu.externaltools.gnu-tools-for-stm32.11.3.rel1.win32_1.1.100.202309141235/tools/bin/../lib/gcc/arm-none-eabi/11.3.1/../../../../arm-none-eabi/lib/thumb/v7e-m+fp/hard\libc_nano.a(libc_a-reent.o)
                0x00000000200002e0                errno
 .bss.__lock___malloc_recursive_mutex
                0x00000000200002e4        0x1 D:/dev/STM32CubeIDE_1.13.2/STM32CubeIDE/plugins/com.st.stm32cube.ide.mcu.externaltools.gnu-tools-for-stm32.11.3.rel1.win32_1.1.100.202309141235/tools/bin/../lib/gcc/arm-none-eabi/11.3.1/../../../../arm-none-eabi/lib/thumb/v7e-m+fp/hard\libc_nano.a(libc_a-lock.o)
                0x00000000200002e4                __lock___malloc_recursive_mutex
 .bss.__lock___sfp_recursive_mutex
                0x00000000200002e5        0x1 D:/dev/STM32CubeIDE_1.13.2/STM32CubeIDE/plugins/com.st.stm32cube.ide.mcu.externaltools.gnu-tools-for-stm32.11.3.rel1.win32_1.1.100.202309141235/tools/bin/../lib/gcc/arm-none-eabi/11.3.1/../../../../arm-none-eabi/lib/thumb/v7e-m+fp/hard\libc_nano.a(libc_a-lock.o)
                0x00000000200002e5                __lock___sfp_recursive_mutex
 *fill*         0x00000000200002e6        0x2 
 .bss.__malloc_free_list
                0x00000000200002e8        0x4 D:/dev/STM32CubeIDE_1.13.2/STM32CubeIDE/plugins/com.st.stm32cube.ide.mcu.externaltools.gnu-tools-for-stm32.11.3.rel1.win32_1.1.100.202309141235/tools/bin/../lib/gcc/arm-none-eabi/11.3.1/../../../../arm-none-eabi/lib/thumb/v7e-m+fp/hard\libc_nano.a(libc_a-mallocr.o)
                0x00000000200002e8                __malloc_free_list
 .bss.__malloc_sbrk_start
                0x00000000200002ec        0x4 D:/dev/STM32CubeIDE_1.13.2/STM32CubeIDE/plugins/com.st.stm32cube.ide.mcu.externaltools.gnu-tools-for-stm32.11.3.rel1.win32_1.1.100.202309141235/tools/bin/../lib/gcc/arm-none-eabi/11.3.1/../../../../arm-none-eabi/lib/thumb/v7e-m+fp/hard\libc_nano.a(libc_a-mallocr.o)
                0x00000000200002ec                __malloc_sbrk_start
 *(COMMON)
                0x00000000200002f0                . = ALIGN (0x4)
                0x00000000200002f0                _ebss = .
                0x00000000200002f0                __bss_end__ = _ebss

._user_heap_stack
                0x00000000200002f0      0x600 load address 0x0000000008004754
                0x00000000200002f0                . = ALIGN (0x8)
                [!provide]                        PROVIDE (end = .)
                0x00000000200002f0                PROVIDE (_end = .)
                0x00000000200004f0                . = (. + _Min_Heap_Size)
 *fill*         0x00000000200002f0      0x200 
                0x00000000200008f0                . = (. + _Min_Stack_Size)
 *fill*         0x00000000200004f0      0x400 
                0x00000000200008f0                . = ALIGN (0x8)

/DISCARD/
 libc.a(*)
 libm.a(*)
 libgcc.a(*)

.ARM.attributes
                0x0000000000000000       0x30
 *(.ARM.attributes)
 .ARM.attributes
                0x0000000000000000       0x1e D:/dev/STM32CubeIDE_1.13.2/STM32CubeIDE/plugins/com.st.stm32cube.ide.mcu.externaltools.gnu-tools-for-stm32.11.3.rel1.win32_1.1.100.202309141235/tools/bin/../lib/gcc/arm-none-eabi/11.3.1/thumb/v7e-m+fp/hard/crti.o
 .ARM.attributes
                0x000000000000001e       0x34 D:/dev/STM32CubeIDE_1.13.2/STM32CubeIDE/plugins/com.st.stm32cube.ide.mcu.externaltools.gnu-tools-for-stm32.11.3.rel1.win32_1.1.100.202309141235/tools/bin/../lib/gcc/arm-none-eabi/11.3.1/thumb/v7e-m+fp/hard/crtbegin.o
 .ARM.attributes
                0x0000000000000052       0x21 ./Application/Startup/startup_stm32g431rbtx.o
 .ARM.attributes
                0x0000000000000073       0x34 ./Application/User/main.o
 .ARM.attributes
                0x00000000000000a7       0x34 ./Application/User/stm32g4xx_hal_msp.o
 .ARM.attributes
                0x00000000000000db       0x34 ./Application/User/stm32g4xx_it.o
 .ARM.attributes
                0x000000000000010f       0x34 ./Application/User/syscalls.o
 .ARM.attributes
                0x0000000000000143       0x34 ./Application/User/sysmem.o
 .ARM.attributes
                0x0000000000000177       0x34 ./Drivers/BSP/STM32G4xx_Nucleo/stm32g4xx_nucleo.o
 .ARM.attributes
                0x00000000000001ab       0x34 ./Drivers/CMSIS/system_stm32g4xx.o
 .ARM.attributes
                0x00000000000001df       0x34 ./Drivers/STM32G4xx_HAL_Driver/stm32g4xx_hal.o
 .ARM.attributes
                0x0000000000000213       0x34 ./Drivers/STM32G4xx_HAL_Driver/stm32g4xx_hal_cortex.o
 .ARM.attributes
                0x0000000000000247       0x34 ./Drivers/STM32G4xx_HAL_Driver/stm32g4xx_hal_gpio.o
 .ARM.attributes
                0x000000000000027b       0x34 ./Drivers/STM32G4xx_HAL_Driver/stm32g4xx_hal_pwr_ex.o
 .ARM.attributes
                0x00000000000002af       0x34 ./Drivers/STM32G4xx_HAL_Driver/stm32g4xx_hal_rcc.o
 .ARM.attributes
                0x00000000000002e3       0x34 ./Drivers/STM32G4xx_HAL_Driver/stm32g4xx_hal_tim.o
 .ARM.attributes
                0x0000000000000317       0x34 ./Drivers/STM32G4xx_HAL_Driver/stm32g4xx_hal_tim_ex.o
 .ARM.attributes
                0x000000000000034b       0x34 D:/dev/STM32CubeIDE_1.13.2/STM32CubeIDE/plugins/com.st.stm32cube.ide.mcu.externaltools.gnu-tools-for-stm32.11.3.rel1.win32_1.1.100.202309141235/tools/bin/../lib/gcc/arm-none-eabi/11.3.1/../../../../arm-none-eabi/lib/thumb/v7e-m+fp/hard\libc_nano.a(libc_a-findfp.o)
 .ARM.attributes
                0x000000000000037f       0x34 D:/dev/STM32CubeIDE_1.13.2/STM32CubeIDE/plugins/com.st.stm32cube.ide.mcu.externaltools.gnu-tools-for-stm32.11.3.rel1.win32_1.1.100.202309141235/tools/bin/../lib/gcc/arm-none-eabi/11.3.1/../../../../arm-none-eabi/lib/thumb/v7e-m+fp/hard\libc_nano.a(libc_a-fwalk.o)
 .ARM.attributes
                0x00000000000003b3       0x34 D:/dev/STM32CubeIDE_1.13.2/STM32CubeIDE/plugins/com.st.stm32cube.ide.mcu.externaltools.gnu-tools-for-stm32.11.3.rel1.win32_1.1.100.202309141235/tools/bin/../lib/gcc/arm-none-eabi/11.3.1/../../../../arm-none-eabi/lib/thumb/v7e-m+fp/hard\libc_nano.a(libc_a-printf.o)
 .ARM.attributes
                0x00000000000003e7       0x34 D:/dev/STM32CubeIDE_1.13.2/STM32CubeIDE/plugins/com.st.stm32cube.ide.mcu.externaltools.gnu-tools-for-stm32.11.3.rel1.win32_1.1.100.202309141235/tools/bin/../lib/gcc/arm-none-eabi/11.3.1/../../../../arm-none-eabi/lib/thumb/v7e-m+fp/hard\libc_nano.a(libc_a-puts.o)
 .ARM.attributes
                0x000000000000041b       0x34 D:/dev/STM32CubeIDE_1.13.2/STM32CubeIDE/plugins/com.st.stm32cube.ide.mcu.externaltools.gnu-tools-for-stm32.11.3.rel1.win32_1.1.100.202309141235/tools/bin/../lib/gcc/arm-none-eabi/11.3.1/../../../../arm-none-eabi/lib/thumb/v7e-m+fp/hard\libc_nano.a(libc_a-stdio.o)
 .ARM.attributes
                0x000000000000044f       0x34 D:/dev/STM32CubeIDE_1.13.2/STM32CubeIDE/plugins/com.st.stm32cube.ide.mcu.externaltools.gnu-tools-for-stm32.11.3.rel1.win32_1.1.100.202309141235/tools/bin/../lib/gcc/arm-none-eabi/11.3.1/../../../../arm-none-eabi/lib/thumb/v7e-m+fp/hard\libc_nano.a(libc_a-wbuf.o)
 .ARM.attributes
                0x0000000000000483       0x34 D:/dev/STM32CubeIDE_1.13.2/STM32CubeIDE/plugins/com.st.stm32cube.ide.mcu.externaltools.gnu-tools-for-stm32.11.3.rel1.win32_1.1.100.202309141235/tools/bin/../lib/gcc/arm-none-eabi/11.3.1/../../../../arm-none-eabi/lib/thumb/v7e-m+fp/hard\libc_nano.a(libc_a-wsetup.o)
 .ARM.attributes
                0x00000000000004b7       0x34 D:/dev/STM32CubeIDE_1.13.2/STM32CubeIDE/plugins/com.st.stm32cube.ide.mcu.externaltools.gnu-tools-for-stm32.11.3.rel1.win32_1.1.100.202309141235/tools/bin/../lib/gcc/arm-none-eabi/11.3.1/../../../../arm-none-eabi/lib/thumb/v7e-m+fp/hard\libc_nano.a(libc_a-memset.o)
 .ARM.attributes
                0x00000000000004eb       0x34 D:/dev/STM32CubeIDE_1.13.2/STM32CubeIDE/plugins/com.st.stm32cube.ide.mcu.externaltools.gnu-tools-for-stm32.11.3.rel1.win32_1.1.100.202309141235/tools/bin/../lib/gcc/arm-none-eabi/11.3.1/../../../../arm-none-eabi/lib/thumb/v7e-m+fp/hard\libc_nano.a(libc_a-closer.o)
 .ARM.attributes
                0x000000000000051f       0x34 D:/dev/STM32CubeIDE_1.13.2/STM32CubeIDE/plugins/com.st.stm32cube.ide.mcu.externaltools.gnu-tools-for-stm32.11.3.rel1.win32_1.1.100.202309141235/tools/bin/../lib/gcc/arm-none-eabi/11.3.1/../../../../arm-none-eabi/lib/thumb/v7e-m+fp/hard\libc_nano.a(libc_a-reent.o)
 .ARM.attributes
                0x0000000000000553       0x34 D:/dev/STM32CubeIDE_1.13.2/STM32CubeIDE/plugins/com.st.stm32cube.ide.mcu.externaltools.gnu-tools-for-stm32.11.3.rel1.win32_1.1.100.202309141235/tools/bin/../lib/gcc/arm-none-eabi/11.3.1/../../../../arm-none-eabi/lib/thumb/v7e-m+fp/hard\libc_nano.a(libc_a-impure.o)
 .ARM.attributes
                0x0000000000000587       0x34 D:/dev/STM32CubeIDE_1.13.2/STM32CubeIDE/plugins/com.st.stm32cube.ide.mcu.externaltools.gnu-tools-for-stm32.11.3.rel1.win32_1.1.100.202309141235/tools/bin/../lib/gcc/arm-none-eabi/11.3.1/../../../../arm-none-eabi/lib/thumb/v7e-m+fp/hard\libc_nano.a(libc_a-lseekr.o)
 .ARM.attributes
                0x00000000000005bb       0x34 D:/dev/STM32CubeIDE_1.13.2/STM32CubeIDE/plugins/com.st.stm32cube.ide.mcu.externaltools.gnu-tools-for-stm32.11.3.rel1.win32_1.1.100.202309141235/tools/bin/../lib/gcc/arm-none-eabi/11.3.1/../../../../arm-none-eabi/lib/thumb/v7e-m+fp/hard\libc_nano.a(libc_a-readr.o)
 .ARM.attributes
                0x00000000000005ef       0x34 D:/dev/STM32CubeIDE_1.13.2/STM32CubeIDE/plugins/com.st.stm32cube.ide.mcu.externaltools.gnu-tools-for-stm32.11.3.rel1.win32_1.1.100.202309141235/tools/bin/../lib/gcc/arm-none-eabi/11.3.1/../../../../arm-none-eabi/lib/thumb/v7e-m+fp/hard\libc_nano.a(libc_a-writer.o)
 .ARM.attributes
                0x0000000000000623       0x34 D:/dev/STM32CubeIDE_1.13.2/STM32CubeIDE/plugins/com.st.stm32cube.ide.mcu.externaltools.gnu-tools-for-stm32.11.3.rel1.win32_1.1.100.202309141235/tools/bin/../lib/gcc/arm-none-eabi/11.3.1/../../../../arm-none-eabi/lib/thumb/v7e-m+fp/hard\libc_nano.a(libc_a-errno.o)
 .ARM.attributes
                0x0000000000000657       0x34 D:/dev/STM32CubeIDE_1.13.2/STM32CubeIDE/plugins/com.st.stm32cube.ide.mcu.externaltools.gnu-tools-for-stm32.11.3.rel1.win32_1.1.100.202309141235/tools/bin/../lib/gcc/arm-none-eabi/11.3.1/../../../../arm-none-eabi/lib/thumb/v7e-m+fp/hard\libc_nano.a(libc_a-init.o)
 .ARM.attributes
                0x000000000000068b       0x34 D:/dev/STM32CubeIDE_1.13.2/STM32CubeIDE/plugins/com.st.stm32cube.ide.mcu.externaltools.gnu-tools-for-stm32.11.3.rel1.win32_1.1.100.202309141235/tools/bin/../lib/gcc/arm-none-eabi/11.3.1/../../../../arm-none-eabi/lib/thumb/v7e-m+fp/hard\libc_nano.a(libc_a-lock.o)
 .ARM.attributes
                0x00000000000006bf       0x34 D:/dev/STM32CubeIDE_1.13.2/STM32CubeIDE/plugins/com.st.stm32cube.ide.mcu.externaltools.gnu-tools-for-stm32.11.3.rel1.win32_1.1.100.202309141235/tools/bin/../lib/gcc/arm-none-eabi/11.3.1/../../../../arm-none-eabi/lib/thumb/v7e-m+fp/hard\libc_nano.a(libc_a-freer.o)
 .ARM.attributes
                0x00000000000006f3       0x34 D:/dev/STM32CubeIDE_1.13.2/STM32CubeIDE/plugins/com.st.stm32cube.ide.mcu.externaltools.gnu-tools-for-stm32.11.3.rel1.win32_1.1.100.202309141235/tools/bin/../lib/gcc/arm-none-eabi/11.3.1/../../../../arm-none-eabi/lib/thumb/v7e-m+fp/hard\libc_nano.a(libc_a-mallocr.o)
 .ARM.attributes
                0x0000000000000727       0x34 D:/dev/STM32CubeIDE_1.13.2/STM32CubeIDE/plugins/com.st.stm32cube.ide.mcu.externaltools.gnu-tools-for-stm32.11.3.rel1.win32_1.1.100.202309141235/tools/bin/../lib/gcc/arm-none-eabi/11.3.1/../../../../arm-none-eabi/lib/thumb/v7e-m+fp/hard\libc_nano.a(libc_a-mlock.o)
 .ARM.attributes
                0x000000000000075b       0x34 D:/dev/STM32CubeIDE_1.13.2/STM32CubeIDE/plugins/com.st.stm32cube.ide.mcu.externaltools.gnu-tools-for-stm32.11.3.rel1.win32_1.1.100.202309141235/tools/bin/../lib/gcc/arm-none-eabi/11.3.1/../../../../arm-none-eabi/lib/thumb/v7e-m+fp/hard\libc_nano.a(libc_a-nano-vfprintf.o)
 .ARM.attributes
                0x000000000000078f       0x34 D:/dev/STM32CubeIDE_1.13.2/STM32CubeIDE/plugins/com.st.stm32cube.ide.mcu.externaltools.gnu-tools-for-stm32.11.3.rel1.win32_1.1.100.202309141235/tools/bin/../lib/gcc/arm-none-eabi/11.3.1/../../../../arm-none-eabi/lib/thumb/v7e-m+fp/hard\libc_nano.a(libc_a-nano-vfprintf_i.o)
 .ARM.attributes
                0x00000000000007c3       0x34 D:/dev/STM32CubeIDE_1.13.2/STM32CubeIDE/plugins/com.st.stm32cube.ide.mcu.externaltools.gnu-tools-for-stm32.11.3.rel1.win32_1.1.100.202309141235/tools/bin/../lib/gcc/arm-none-eabi/11.3.1/../../../../arm-none-eabi/lib/thumb/v7e-m+fp/hard\libc_nano.a(libc_a-fflush.o)
 .ARM.attributes
                0x00000000000007f7       0x34 D:/dev/STM32CubeIDE_1.13.2/STM32CubeIDE/plugins/com.st.stm32cube.ide.mcu.externaltools.gnu-tools-for-stm32.11.3.rel1.win32_1.1.100.202309141235/tools/bin/../lib/gcc/arm-none-eabi/11.3.1/../../../../arm-none-eabi/lib/thumb/v7e-m+fp/hard\libc_nano.a(libc_a-makebuf.o)
 .ARM.attributes
                0x000000000000082b       0x34 D:/dev/STM32CubeIDE_1.13.2/STM32CubeIDE/plugins/com.st.stm32cube.ide.mcu.externaltools.gnu-tools-for-stm32.11.3.rel1.win32_1.1.100.202309141235/tools/bin/../lib/gcc/arm-none-eabi/11.3.1/../../../../arm-none-eabi/lib/thumb/v7e-m+fp/hard\libc_nano.a(libc_a-fstatr.o)
 .ARM.attributes
                0x000000000000085f       0x34 D:/dev/STM32CubeIDE_1.13.2/STM32CubeIDE/plugins/com.st.stm32cube.ide.mcu.externaltools.gnu-tools-for-stm32.11.3.rel1.win32_1.1.100.202309141235/tools/bin/../lib/gcc/arm-none-eabi/11.3.1/../../../../arm-none-eabi/lib/thumb/v7e-m+fp/hard\libc_nano.a(libc_a-isattyr.o)
 .ARM.attributes
                0x0000000000000893       0x34 D:/dev/STM32CubeIDE_1.13.2/STM32CubeIDE/plugins/com.st.stm32cube.ide.mcu.externaltools.gnu-tools-for-stm32.11.3.rel1.win32_1.1.100.202309141235/tools/bin/../lib/gcc/arm-none-eabi/11.3.1/../../../../arm-none-eabi/lib/thumb/v7e-m+fp/hard\libc_nano.a(libc_a-sbrkr.o)
 .ARM.attributes
                0x00000000000008c7       0x1c D:/dev/STM32CubeIDE_1.13.2/STM32CubeIDE/plugins/com.st.stm32cube.ide.mcu.externaltools.gnu-tools-for-stm32.11.3.rel1.win32_1.1.100.202309141235/tools/bin/../lib/gcc/arm-none-eabi/11.3.1/../../../../arm-none-eabi/lib/thumb/v7e-m+fp/hard\libc_nano.a(libc_a-memchr.o)
 .ARM.attributes
                0x00000000000008e3       0x1e D:/dev/STM32CubeIDE_1.13.2/STM32CubeIDE/plugins/com.st.stm32cube.ide.mcu.externaltools.gnu-tools-for-stm32.11.3.rel1.win32_1.1.100.202309141235/tools/bin/../lib/gcc/arm-none-eabi/11.3.1/thumb/v7e-m+fp/hard/crtn.o
OUTPUT(TIM_PWMOutput.elf elf32-littlearm)
LOAD linker stubs
LOAD D:/dev/STM32CubeIDE_1.13.2/STM32CubeIDE/plugins/com.st.stm32cube.ide.mcu.externaltools.gnu-tools-for-stm32.11.3.rel1.win32_1.1.100.202309141235/tools/bin/../lib/gcc/arm-none-eabi/11.3.1/../../../../arm-none-eabi/lib/thumb/v7e-m+fp/hard\libc.a
LOAD D:/dev/STM32CubeIDE_1.13.2/STM32CubeIDE/plugins/com.st.stm32cube.ide.mcu.externaltools.gnu-tools-for-stm32.11.3.rel1.win32_1.1.100.202309141235/tools/bin/../lib/gcc/arm-none-eabi/11.3.1/../../../../arm-none-eabi/lib/thumb/v7e-m+fp/hard\libm.a
LOAD D:/dev/STM32CubeIDE_1.13.2/STM32CubeIDE/plugins/com.st.stm32cube.ide.mcu.externaltools.gnu-tools-for-stm32.11.3.rel1.win32_1.1.100.202309141235/tools/bin/../lib/gcc/arm-none-eabi/11.3.1/thumb/v7e-m+fp/hard\libgcc.a

.comment        0x0000000000000000       0x43
 .comment       0x0000000000000000       0x43 D:/dev/STM32CubeIDE_1.13.2/STM32CubeIDE/plugins/com.st.stm32cube.ide.mcu.externaltools.gnu-tools-for-stm32.11.3.rel1.win32_1.1.100.202309141235/tools/bin/../lib/gcc/arm-none-eabi/11.3.1/thumb/v7e-m+fp/hard/crtbegin.o
                                         0x44 (size before relaxing)
 .comment       0x0000000000000043       0x44 ./Application/User/main.o
 .comment       0x0000000000000043       0x44 ./Application/User/stm32g4xx_hal_msp.o
 .comment       0x0000000000000043       0x44 ./Application/User/stm32g4xx_it.o
 .comment       0x0000000000000043       0x44 ./Application/User/syscalls.o
 .comment       0x0000000000000043       0x44 ./Application/User/sysmem.o
 .comment       0x0000000000000043       0x44 ./Drivers/BSP/STM32G4xx_Nucleo/stm32g4xx_nucleo.o
 .comment       0x0000000000000043       0x44 ./Drivers/CMSIS/system_stm32g4xx.o
 .comment       0x0000000000000043       0x44 ./Drivers/STM32G4xx_HAL_Driver/stm32g4xx_hal.o
 .comment       0x0000000000000043       0x44 ./Drivers/STM32G4xx_HAL_Driver/stm32g4xx_hal_cortex.o
 .comment       0x0000000000000043       0x44 ./Drivers/STM32G4xx_HAL_Driver/stm32g4xx_hal_gpio.o
 .comment       0x0000000000000043       0x44 ./Drivers/STM32G4xx_HAL_Driver/stm32g4xx_hal_pwr_ex.o
 .comment       0x0000000000000043       0x44 ./Drivers/STM32G4xx_HAL_Driver/stm32g4xx_hal_rcc.o
 .comment       0x0000000000000043       0x44 ./Drivers/STM32G4xx_HAL_Driver/stm32g4xx_hal_tim.o
 .comment       0x0000000000000043       0x44 ./Drivers/STM32G4xx_HAL_Driver/stm32g4xx_hal_tim_ex.o

.debug_line     0x0000000000000000     0xe18a
 .debug_line    0x0000000000000000       0x7b ./Application/Startup/startup_stm32g431rbtx.o
 .debug_line    0x000000000000007b      0xcbc ./Application/User/main.o
 .debug_line    0x0000000000000d37      0x8ec ./Application/User/stm32g4xx_hal_msp.o
 .debug_line    0x0000000000001623      0x8b0 ./Application/User/stm32g4xx_it.o
 .debug_line    0x0000000000001ed3      0x8bf ./Application/User/syscalls.o
 .debug_line    0x0000000000002792      0x590 ./Application/User/sysmem.o
 .debug_line    0x0000000000002d22      0x9ef ./Drivers/BSP/STM32G4xx_Nucleo/stm32g4xx_nucleo.o
 .debug_line    0x0000000000003711      0x820 ./Drivers/CMSIS/system_stm32g4xx.o
 .debug_line    0x0000000000003f31      0xbde ./Drivers/STM32G4xx_HAL_Driver/stm32g4xx_hal.o
 .debug_line    0x0000000000004b0f      0xd49 ./Drivers/STM32G4xx_HAL_Driver/stm32g4xx_hal_cortex.o
 .debug_line    0x0000000000005858      0xbd9 ./Drivers/STM32G4xx_HAL_Driver/stm32g4xx_hal_gpio.o
 .debug_line    0x0000000000006431      0xd4d ./Drivers/STM32G4xx_HAL_Driver/stm32g4xx_hal_pwr_ex.o
 .debug_line    0x000000000000717e      0xfa6 ./Drivers/STM32G4xx_HAL_Driver/stm32g4xx_hal_rcc.o
 .debug_line    0x0000000000008124     0x3f48 ./Drivers/STM32G4xx_HAL_Driver/stm32g4xx_hal_tim.o
 .debug_line    0x000000000000c06c     0x211e ./Drivers/STM32G4xx_HAL_Driver/stm32g4xx_hal_tim_ex.o

.debug_line_str
                0x0000000000000000       0x83
 .debug_line_str
                0x0000000000000000       0x83 ./Application/Startup/startup_stm32g431rbtx.o
                                         0x9b (size before relaxing)

.debug_info     0x0000000000000000     0xc2aa
 .debug_info    0x0000000000000000       0x23 ./Application/Startup/startup_stm32g431rbtx.o
 .debug_info    0x0000000000000023     0x140b ./Application/User/main.o
 .debug_info    0x000000000000142e      0xefd ./Application/User/stm32g4xx_hal_msp.o
 .debug_info    0x000000000000232b      0x85a ./Application/User/stm32g4xx_it.o
 .debug_info    0x0000000000002b85      0x6a3 ./Application/User/syscalls.o
 .debug_info    0x0000000000003228      0x168 ./Application/User/sysmem.o
 .debug_info    0x0000000000003390      0xbb3 ./Drivers/BSP/STM32G4xx_Nucleo/stm32g4xx_nucleo.o
 .debug_info    0x0000000000003f43      0x58e ./Drivers/CMSIS/system_stm32g4xx.o
 .debug_info    0x00000000000044d1      0xadb ./Drivers/STM32G4xx_HAL_Driver/stm32g4xx_hal.o
 .debug_info    0x0000000000004fac      0xcf3 ./Drivers/STM32G4xx_HAL_Driver/stm32g4xx_hal_cortex.o
 .debug_info    0x0000000000005c9f      0x763 ./Drivers/STM32G4xx_HAL_Driver/stm32g4xx_hal_gpio.o
 .debug_info    0x0000000000006402      0x93f ./Drivers/STM32G4xx_HAL_Driver/stm32g4xx_hal_pwr_ex.o
 .debug_info    0x0000000000006d41      0xb82 ./Drivers/STM32G4xx_HAL_Driver/stm32g4xx_hal_rcc.o
 .debug_info    0x00000000000078c3     0x2c52 ./Drivers/STM32G4xx_HAL_Driver/stm32g4xx_hal_tim.o
 .debug_info    0x000000000000a515     0x1d95 ./Drivers/STM32G4xx_HAL_Driver/stm32g4xx_hal_tim_ex.o

.debug_abbrev   0x0000000000000000     0x1edb
 .debug_abbrev  0x0000000000000000       0x12 ./Application/Startup/startup_stm32g431rbtx.o
 .debug_abbrev  0x0000000000000012      0x344 ./Application/User/main.o
 .debug_abbrev  0x0000000000000356      0x21a ./Application/User/stm32g4xx_hal_msp.o
 .debug_abbrev  0x0000000000000570      0x1c4 ./Application/User/stm32g4xx_it.o
 .debug_abbrev  0x0000000000000734      0x1b6 ./Application/User/syscalls.o
 .debug_abbrev  0x00000000000008ea       0xbc ./Application/User/sysmem.o
 .debug_abbrev  0x00000000000009a6      0x262 ./Drivers/BSP/STM32G4xx_Nucleo/stm32g4xx_nucleo.o
 .debug_abbrev  0x0000000000000c08      0x11a ./Drivers/CMSIS/system_stm32g4xx.o
 .debug_abbrev  0x0000000000000d22      0x271 ./Drivers/STM32G4xx_HAL_Driver/stm32g4xx_hal.o
 .debug_abbrev  0x0000000000000f93      0x31c ./Drivers/STM32G4xx_HAL_Driver/stm32g4xx_hal_cortex.o
 .debug_abbrev  0x00000000000012af      0x1cb ./Drivers/STM32G4xx_HAL_Driver/stm32g4xx_hal_gpio.o
 .debug_abbrev  0x000000000000147a      0x22c ./Drivers/STM32G4xx_HAL_Driver/stm32g4xx_hal_pwr_ex.o
 .debug_abbrev  0x00000000000016a6      0x2c9 ./Drivers/STM32G4xx_HAL_Driver/stm32g4xx_hal_rcc.o
 .debug_abbrev  0x000000000000196f      0x2a7 ./Drivers/STM32G4xx_HAL_Driver/stm32g4xx_hal_tim.o
 .debug_abbrev  0x0000000000001c16      0x2c5 ./Drivers/STM32G4xx_HAL_Driver/stm32g4xx_hal_tim_ex.o

.debug_aranges  0x0000000000000000      0xd60
 .debug_aranges
                0x0000000000000000       0x28 ./Application/Startup/startup_stm32g431rbtx.o
 .debug_aranges
                0x0000000000000028       0x70 ./Application/User/main.o
 .debug_aranges
                0x0000000000000098       0x48 ./Application/User/stm32g4xx_hal_msp.o
 .debug_aranges
                0x00000000000000e0       0x50 ./Application/User/stm32g4xx_it.o
 .debug_aranges
                0x0000000000000130       0xa8 ./Application/User/syscalls.o
 .debug_aranges
                0x00000000000001d8       0x20 ./Application/User/sysmem.o
 .debug_aranges
                0x00000000000001f8       0x90 ./Drivers/BSP/STM32G4xx_Nucleo/stm32g4xx_nucleo.o
 .debug_aranges
                0x0000000000000288       0x28 ./Drivers/CMSIS/system_stm32g4xx.o
 .debug_aranges
                0x00000000000002b0      0x148 ./Drivers/STM32G4xx_HAL_Driver/stm32g4xx_hal.o
 .debug_aranges
                0x00000000000003f8      0x118 ./Drivers/STM32G4xx_HAL_Driver/stm32g4xx_hal_cortex.o
 .debug_aranges
                0x0000000000000510       0x58 ./Drivers/STM32G4xx_HAL_Driver/stm32g4xx_hal_gpio.o
 .debug_aranges
                0x0000000000000568      0x140 ./Drivers/STM32G4xx_HAL_Driver/stm32g4xx_hal_pwr_ex.o
 .debug_aranges
                0x00000000000006a8       0x98 ./Drivers/STM32G4xx_HAL_Driver/stm32g4xx_hal_rcc.o
 .debug_aranges
                0x0000000000000740      0x3e0 ./Drivers/STM32G4xx_HAL_Driver/stm32g4xx_hal_tim.o
 .debug_aranges
                0x0000000000000b20      0x240 ./Drivers/STM32G4xx_HAL_Driver/stm32g4xx_hal_tim_ex.o

.debug_str      0x0000000000000000    0xc7023
 .debug_str     0x0000000000000000       0x8f ./Application/Startup/startup_stm32g431rbtx.o
 .debug_str     0x000000000000008f    0xc1823 ./Application/User/main.o
                                      0xc1c1d (size before relaxing)
 .debug_str     0x00000000000c18b2      0x570 ./Application/User/stm32g4xx_hal_msp.o
                                      0xbe35f (size before relaxing)
 .debug_str     0x00000000000c1e22       0xfc ./Application/User/stm32g4xx_it.o
                                      0xbdce0 (size before relaxing)
 .debug_str     0x00000000000c1f1e     0x20f6 ./Application/User/syscalls.o
                                       0x98d7 (size before relaxing)
 .debug_str     0x00000000000c4014       0x73 ./Application/User/sysmem.o
                                       0x608e (size before relaxing)
 .debug_str     0x00000000000c4087      0x2d6 ./Drivers/BSP/STM32G4xx_Nucleo/stm32g4xx_nucleo.o
                                      0xbdf0e (size before relaxing)
 .debug_str     0x00000000000c435d      0x12b ./Drivers/CMSIS/system_stm32g4xx.o
                                      0xbd1bb (size before relaxing)
 .debug_str     0x00000000000c4488      0x626 ./Drivers/STM32G4xx_HAL_Driver/stm32g4xx_hal.o
                                      0xbdce8 (size before relaxing)
 .debug_str     0x00000000000c4aae      0x351 ./Drivers/STM32G4xx_HAL_Driver/stm32g4xx_hal_cortex.o
                                      0xbd96c (size before relaxing)
 .debug_str     0x00000000000c4dff      0x142 ./Drivers/STM32G4xx_HAL_Driver/stm32g4xx_hal_gpio.o
                                      0xbd334 (size before relaxing)
 .debug_str     0x00000000000c4f41      0x4de ./Drivers/STM32G4xx_HAL_Driver/stm32g4xx_hal_pwr_ex.o
                                      0xbd697 (size before relaxing)
 .debug_str     0x00000000000c541f      0x51e ./Drivers/STM32G4xx_HAL_Driver/stm32g4xx_hal_rcc.o
                                      0xbd8a2 (size before relaxing)
 .debug_str     0x00000000000c593d      0xe8b ./Drivers/STM32G4xx_HAL_Driver/stm32g4xx_hal_tim.o
                                      0xbe6a7 (size before relaxing)
 .debug_str     0x00000000000c67c8      0x85b ./Drivers/STM32G4xx_HAL_Driver/stm32g4xx_hal_tim_ex.o
                                      0xbe31b (size before relaxing)

.debug_rnglists
                0x0000000000000000      0xa3e
 .debug_rnglists
                0x0000000000000000       0x19 ./Application/Startup/startup_stm32g431rbtx.o
 .debug_rnglists
                0x0000000000000019       0x57 ./Application/User/main.o
 .debug_rnglists
                0x0000000000000070       0x32 ./Application/User/stm32g4xx_hal_msp.o
 .debug_rnglists
                0x00000000000000a2       0x37 ./Application/User/stm32g4xx_it.o
 .debug_rnglists
                0x00000000000000d9       0x79 ./Application/User/syscalls.o
 .debug_rnglists
                0x0000000000000152       0x13 ./Application/User/sysmem.o
 .debug_rnglists
                0x0000000000000165       0x68 ./Drivers/BSP/STM32G4xx_Nucleo/stm32g4xx_nucleo.o
 .debug_rnglists
                0x00000000000001cd       0x1a ./Drivers/CMSIS/system_stm32g4xx.o
 .debug_rnglists
                0x00000000000001e7       0xf1 ./Drivers/STM32G4xx_HAL_Driver/stm32g4xx_hal.o
 .debug_rnglists
                0x00000000000002d8       0xce ./Drivers/STM32G4xx_HAL_Driver/stm32g4xx_hal_cortex.o
 .debug_rnglists
                0x00000000000003a6       0x3f ./Drivers/STM32G4xx_HAL_Driver/stm32g4xx_hal_gpio.o
 .debug_rnglists
                0x00000000000003e5       0xf1 ./Drivers/STM32G4xx_HAL_Driver/stm32g4xx_hal_pwr_ex.o
 .debug_rnglists
                0x00000000000004d6       0x74 ./Drivers/STM32G4xx_HAL_Driver/stm32g4xx_hal_rcc.o
 .debug_rnglists
                0x000000000000054a      0x328 ./Drivers/STM32G4xx_HAL_Driver/stm32g4xx_hal_tim.o
 .debug_rnglists
                0x0000000000000872      0x1cc ./Drivers/STM32G4xx_HAL_Driver/stm32g4xx_hal_tim_ex.o

.debug_macro    0x0000000000000000    0x1ed28
 .debug_macro   0x0000000000000000      0x2f2 ./Application/User/main.o
 .debug_macro   0x00000000000002f2      0xaae ./Application/User/main.o
 .debug_macro   0x0000000000000da0      0x15b ./Application/User/main.o
 .debug_macro   0x0000000000000efb       0x2e ./Application/User/main.o
 .debug_macro   0x0000000000000f29       0x28 ./Application/User/main.o
 .debug_macro   0x0000000000000f51       0x22 ./Application/User/main.o
 .debug_macro   0x0000000000000f73       0x8e ./Application/User/main.o
 .debug_macro   0x0000000000001001       0x51 ./Application/User/main.o
 .debug_macro   0x0000000000001052      0x103 ./Application/User/main.o
 .debug_macro   0x0000000000001155       0x6a ./Application/User/main.o
 .debug_macro   0x00000000000011bf      0x1df ./Application/User/main.o
 .debug_macro   0x000000000000139e       0x1c ./Application/User/main.o
 .debug_macro   0x00000000000013ba       0x22 ./Application/User/main.o
 .debug_macro   0x00000000000013dc       0xfb ./Application/User/main.o
 .debug_macro   0x00000000000014d7     0x1011 ./Application/User/main.o
 .debug_macro   0x00000000000024e8      0x11f ./Application/User/main.o
 .debug_macro   0x0000000000002607    0x11350 ./Application/User/main.o
 .debug_macro   0x0000000000013957       0x6d ./Application/User/main.o
 .debug_macro   0x00000000000139c4     0x354d ./Application/User/main.o
 .debug_macro   0x0000000000016f11      0x174 ./Application/User/main.o
 .debug_macro   0x0000000000017085       0x5c ./Application/User/main.o
 .debug_macro   0x00000000000170e1     0x141d ./Application/User/main.o
 .debug_macro   0x00000000000184fe      0x535 ./Application/User/main.o
 .debug_macro   0x0000000000018a33      0x1b6 ./Application/User/main.o
 .debug_macro   0x0000000000018be9      0x288 ./Application/User/main.o
 .debug_macro   0x0000000000018e71      0x41d ./Application/User/main.o
 .debug_macro   0x000000000001928e      0x18b ./Application/User/main.o
 .debug_macro   0x0000000000019419       0x43 ./Application/User/main.o
 .debug_macro   0x000000000001945c      0x23d ./Application/User/main.o
 .debug_macro   0x0000000000019699      0x211 ./Application/User/main.o
 .debug_macro   0x00000000000198aa      0x401 ./Application/User/main.o
 .debug_macro   0x0000000000019cab      0x107 ./Application/User/main.o
 .debug_macro   0x0000000000019db2      0x122 ./Application/User/main.o
 .debug_macro   0x0000000000019ed4      0x3d1 ./Application/User/main.o
 .debug_macro   0x000000000001a2a5      0xbda ./Application/User/main.o
 .debug_macro   0x000000000001ae7f      0x47e ./Application/User/main.o
 .debug_macro   0x000000000001b2fd      0x693 ./Application/User/main.o
 .debug_macro   0x000000000001b990       0xa6 ./Application/User/main.o
 .debug_macro   0x000000000001ba36      0x306 ./Application/User/main.o
 .debug_macro   0x000000000001bd3c       0x52 ./Application/User/main.o
 .debug_macro   0x000000000001bd8e       0x1c ./Application/User/main.o
 .debug_macro   0x000000000001bdaa       0x9e ./Application/User/main.o
 .debug_macro   0x000000000001be48       0x28 ./Application/User/main.o
 .debug_macro   0x000000000001be70       0x61 ./Application/User/main.o
 .debug_macro   0x000000000001bed1       0x2a ./Application/User/main.o
 .debug_macro   0x000000000001befb       0x43 ./Application/User/main.o
 .debug_macro   0x000000000001bf3e       0x34 ./Application/User/main.o
 .debug_macro   0x000000000001bf72       0x16 ./Application/User/main.o
 .debug_macro   0x000000000001bf88       0x35 ./Application/User/main.o
 .debug_macro   0x000000000001bfbd      0x369 ./Application/User/main.o
 .debug_macro   0x000000000001c326       0x10 ./Application/User/main.o
 .debug_macro   0x000000000001c336       0x16 ./Application/User/main.o
 .debug_macro   0x000000000001c34c       0x43 ./Application/User/main.o
 .debug_macro   0x000000000001c38f       0x34 ./Application/User/main.o
 .debug_macro   0x000000000001c3c3       0x10 ./Application/User/main.o
 .debug_macro   0x000000000001c3d3       0x58 ./Application/User/main.o
 .debug_macro   0x000000000001c42b       0x8e ./Application/User/main.o
 .debug_macro   0x000000000001c4b9       0x1c ./Application/User/main.o
 .debug_macro   0x000000000001c4d5      0x177 ./Application/User/main.o
 .debug_macro   0x000000000001c64c       0x16 ./Application/User/main.o
 .debug_macro   0x000000000001c662       0x16 ./Application/User/main.o
 .debug_macro   0x000000000001c678      0x147 ./Application/User/main.o
 .debug_macro   0x000000000001c7bf       0x22 ./Application/User/main.o
 .debug_macro   0x000000000001c7e1      0x1fe ./Application/User/stm32g4xx_hal_msp.o
 .debug_macro   0x000000000001c9df      0x208 ./Application/User/stm32g4xx_it.o
 .debug_macro   0x000000000001cbe7      0x274 ./Application/User/syscalls.o
 .debug_macro   0x000000000001ce5b       0x5b ./Application/User/syscalls.o
 .debug_macro   0x000000000001ceb6       0x94 ./Application/User/syscalls.o
 .debug_macro   0x000000000001cf4a       0x57 ./Application/User/syscalls.o
 .debug_macro   0x000000000001cfa1       0x10 ./Application/User/syscalls.o
 .debug_macro   0x000000000001cfb1       0x10 ./Application/User/syscalls.o
 .debug_macro   0x000000000001cfc1       0x10 ./Application/User/syscalls.o
 .debug_macro   0x000000000001cfd1       0x10 ./Application/User/syscalls.o
 .debug_macro   0x000000000001cfe1       0x1c ./Application/User/syscalls.o
 .debug_macro   0x000000000001cffd       0x52 ./Application/User/syscalls.o
 .debug_macro   0x000000000001d04f       0x22 ./Application/User/syscalls.o
 .debug_macro   0x000000000001d071       0x10 ./Application/User/syscalls.o
 .debug_macro   0x000000000001d081       0x52 ./Application/User/syscalls.o
 .debug_macro   0x000000000001d0d3       0xcf ./Application/User/syscalls.o
 .debug_macro   0x000000000001d1a2       0x1c ./Application/User/syscalls.o
 .debug_macro   0x000000000001d1be       0x3d ./Application/User/syscalls.o
 .debug_macro   0x000000000001d1fb       0x35 ./Application/User/syscalls.o
 .debug_macro   0x000000000001d230      0x12c ./Application/User/syscalls.o
 .debug_macro   0x000000000001d35c       0x16 ./Application/User/syscalls.o
 .debug_macro   0x000000000001d372       0x16 ./Application/User/syscalls.o
 .debug_macro   0x000000000001d388       0x29 ./Application/User/syscalls.o
 .debug_macro   0x000000000001d3b1       0x10 ./Application/User/syscalls.o
 .debug_macro   0x000000000001d3c1      0x242 ./Application/User/syscalls.o
 .debug_macro   0x000000000001d603       0x1c ./Application/User/syscalls.o
 .debug_macro   0x000000000001d61f       0x10 ./Application/User/syscalls.o
 .debug_macro   0x000000000001d62f      0x18a ./Application/User/syscalls.o
 .debug_macro   0x000000000001d7b9       0x16 ./Application/User/syscalls.o
 .debug_macro   0x000000000001d7cf       0xce ./Application/User/syscalls.o
 .debug_macro   0x000000000001d89d       0xff ./Application/User/sysmem.o
 .debug_macro   0x000000000001d99c      0x23c ./Application/User/sysmem.o
 .debug_macro   0x000000000001dbd8      0x1f5 ./Drivers/BSP/STM32G4xx_Nucleo/stm32g4xx_nucleo.o
 .debug_macro   0x000000000001ddcd       0x16 ./Drivers/BSP/STM32G4xx_Nucleo/stm32g4xx_nucleo.o
 .debug_macro   0x000000000001dde3      0x1d4 ./Drivers/CMSIS/system_stm32g4xx.o
 .debug_macro   0x000000000001dfb7      0x21c ./Drivers/STM32G4xx_HAL_Driver/stm32g4xx_hal.o
 .debug_macro   0x000000000001e1d3      0x1ce ./Drivers/STM32G4xx_HAL_Driver/stm32g4xx_hal_cortex.o
 .debug_macro   0x000000000001e3a1      0x1d5 ./Drivers/STM32G4xx_HAL_Driver/stm32g4xx_hal_gpio.o
 .debug_macro   0x000000000001e576      0x1f8 ./Drivers/STM32G4xx_HAL_Driver/stm32g4xx_hal_pwr_ex.o
 .debug_macro   0x000000000001e76e      0x210 ./Drivers/STM32G4xx_HAL_Driver/stm32g4xx_hal_rcc.o
 .debug_macro   0x000000000001e97e      0x1d6 ./Drivers/STM32G4xx_HAL_Driver/stm32g4xx_hal_tim.o
 .debug_macro   0x000000000001eb54      0x1d4 ./Drivers/STM32G4xx_HAL_Driver/stm32g4xx_hal_tim_ex.o

.debug_frame    0x0000000000000000     0x3f4c
 .debug_frame   0x0000000000000000      0x180 ./Application/User/main.o
 .debug_frame   0x0000000000000180       0xec ./Application/User/stm32g4xx_hal_msp.o
 .debug_frame   0x000000000000026c       0xdc ./Application/User/stm32g4xx_it.o
 .debug_frame   0x0000000000000348      0x2ac ./Application/User/syscalls.o
 .debug_frame   0x00000000000005f4       0x34 ./Application/User/sysmem.o
 .debug_frame   0x0000000000000628      0x21c ./Drivers/BSP/STM32G4xx_Nucleo/stm32g4xx_nucleo.o
 .debug_frame   0x0000000000000844       0x58 ./Drivers/CMSIS/system_stm32g4xx.o
 .debug_frame   0x000000000000089c      0x500 ./Drivers/STM32G4xx_HAL_Driver/stm32g4xx_hal.o
 .debug_frame   0x0000000000000d9c      0x498 ./Drivers/STM32G4xx_HAL_Driver/stm32g4xx_hal_cortex.o
 .debug_frame   0x0000000000001234      0x14c ./Drivers/STM32G4xx_HAL_Driver/stm32g4xx_hal_gpio.o
 .debug_frame   0x0000000000001380      0x4fc ./Drivers/STM32G4xx_HAL_Driver/stm32g4xx_hal_pwr_ex.o
 .debug_frame   0x000000000000187c      0x23c ./Drivers/STM32G4xx_HAL_Driver/stm32g4xx_hal_rcc.o
 .debug_frame   0x0000000000001ab8     0x121c ./Drivers/STM32G4xx_HAL_Driver/stm32g4xx_hal_tim.o
 .debug_frame   0x0000000000002cd4      0xa68 ./Drivers/STM32G4xx_HAL_Driver/stm32g4xx_hal_tim_ex.o
 .debug_frame   0x000000000000373c      0x144 D:/dev/STM32CubeIDE_1.13.2/STM32CubeIDE/plugins/com.st.stm32cube.ide.mcu.externaltools.gnu-tools-for-stm32.11.3.rel1.win32_1.1.100.202309141235/tools/bin/../lib/gcc/arm-none-eabi/11.3.1/../../../../arm-none-eabi/lib/thumb/v7e-m+fp/hard\libc_nano.a(libc_a-findfp.o)
 .debug_frame   0x0000000000003880       0x34 D:/dev/STM32CubeIDE_1.13.2/STM32CubeIDE/plugins/com.st.stm32cube.ide.mcu.externaltools.gnu-tools-for-stm32.11.3.rel1.win32_1.1.100.202309141235/tools/bin/../lib/gcc/arm-none-eabi/11.3.1/../../../../arm-none-eabi/lib/thumb/v7e-m+fp/hard\libc_nano.a(libc_a-fwalk.o)
 .debug_frame   0x00000000000038b4       0x6c D:/dev/STM32CubeIDE_1.13.2/STM32CubeIDE/plugins/com.st.stm32cube.ide.mcu.externaltools.gnu-tools-for-stm32.11.3.rel1.win32_1.1.100.202309141235/tools/bin/../lib/gcc/arm-none-eabi/11.3.1/../../../../arm-none-eabi/lib/thumb/v7e-m+fp/hard\libc_nano.a(libc_a-printf.o)
 .debug_frame   0x0000000000003920       0x3c D:/dev/STM32CubeIDE_1.13.2/STM32CubeIDE/plugins/com.st.stm32cube.ide.mcu.externaltools.gnu-tools-for-stm32.11.3.rel1.win32_1.1.100.202309141235/tools/bin/../lib/gcc/arm-none-eabi/11.3.1/../../../../arm-none-eabi/lib/thumb/v7e-m+fp/hard\libc_nano.a(libc_a-puts.o)