C:/Users/DannyBehr/Documents/Projekte/STM32CubeIDE/TIM_PWMOutput/Src/main.c:72:6:HAL_TIM_PeriodElapsedCallback	16	static
C:/Users/DannyBehr/Documents/Projekte/STM32CubeIDE/TIM_PWMOutput/Src/main.c:102:6:PWM_Function	8	static
C:/Users/DannyBehr/Documents/Projekte/STM32CubeIDE/TIM_PWMOutput/Src/main.c:133:6:stepper_set_rpm	16	static
C:/Users/DannyBehr/Documents/Projekte/STM32CubeIDE/TIM_PWMOutput/Src/main.c:143:6:stepper_half_drive	16	static
C:/Users/DannyBehr/Documents/Projekte/STM32CubeIDE/TIM_PWMOutput/Src/main.c:203:5:main	8	static
C:/Users/DannyBehr/Documents/Projekte/STM32CubeIDE/TIM_PWMOutput/Src/main.c:301:6:SystemClock_Config	88	static
C:/Users/DannyBehr/Documents/Projekte/STM32CubeIDE/TIM_PWMOutput/Src/main.c:348:13:MX_TIM1_Init	104	static
C:/Users/DannyBehr/Documents/Projekte/STM32CubeIDE/TIM_PWMOutput/Src/main.c:420:13:MX_TIM3_Init	40	static
C:/Users/DannyBehr/Documents/Projekte/STM32CubeIDE/TIM_PWMOutput/Src/main.c:465:13:MX_TIM17_Init	8	static
C:/Users/DannyBehr/Documents/Projekte/STM32CubeIDE/TIM_PWMOutput/Src/main.c:497:13:MX_GPIO_Init	48	static
C:/Users/DannyBehr/Documents/Projekte/STM32CubeIDE/TIM_PWMOutput/Src/main.c:547:6:Error_Handler	8	static
